Archive member included to satisfy reference by file (symbol)

/opt/devkitpro/libctru/lib/libctru.a(console.o)
                              main.o (consoleInit)
/opt/devkitpro/libctru/lib/libctru.a(gfx.o)
                              /opt/devkitpro/libctru/lib/libctru.a(console.o) (gfxSetScreenFormat)
/opt/devkitpro/libctru/lib/libctru.a(gx.o)
                              /opt/devkitpro/libctru/lib/libctru.a(gfx.o) (gxCmdBuf)
/opt/devkitpro/libctru/lib/libctru.a(gspgpu.o)
                              /opt/devkitpro/libctru/lib/libctru.a(gfx.o) (gspInit)
/opt/devkitpro/libctru/lib/libctru.a(apt.o)
                              main.o (aptMainLoop)
/opt/devkitpro/libctru/lib/libctru.a(hid.o)
                              main.o (hidScanInput)
/opt/devkitpro/libctru/lib/libctru.a(httpc.o)
                              main.o (httpcInit)
/opt/devkitpro/libctru/lib/libctru.a(swkbd.o)
                              main.o (swkbdInit)
/opt/devkitpro/libctru/lib/libctru.a(utf8_to_utf16.o)
                              /opt/devkitpro/libctru/lib/libctru.a(swkbd.o) (utf8_to_utf16)
/opt/devkitpro/libctru/lib/libctru.a(decode_utf8.o)
                              /opt/devkitpro/libctru/lib/libctru.a(utf8_to_utf16.o) (decode_utf8)
/opt/devkitpro/libctru/lib/libctru.a(utf16_to_utf8.o)
                              /opt/devkitpro/libctru/lib/libctru.a(swkbd.o) (utf16_to_utf8)
/opt/devkitpro/libctru/lib/libctru.a(initSystem.o)
                              /opt/devkitpro/libctru/lib/libctru.a(apt.o) (__system_retAddr)
/opt/devkitpro/libctru/lib/libctru.a(syscalls.o)
                              /opt/devkitpro/libctru/lib/libctru.a(initSystem.o) (__system_initSyscalls)
/opt/devkitpro/libctru/lib/libctru.a(allocateHeaps.o)
                              /opt/devkitpro/libctru/lib/libctru.a(initSystem.o) (__system_allocateHeaps)
/opt/devkitpro/libctru/lib/libctru.a(initArgv.o)
                              /opt/devkitpro/libctru/lib/libctru.a(initSystem.o) (__system_initArgv)
/opt/devkitpro/libctru/lib/libctru.a(svc.o)
                              /opt/devkitpro/libctru/lib/libctru.a(allocateHeaps.o) (svcControlMemory)
/opt/devkitpro/libctru/lib/libctru.a(stack_adjust.o)
                              /opt/devkitpro/devkitARM/lib/gcc/arm-none-eabi/8.3.0/../../../../arm-none-eabi/lib/armv6k/fpu/3dsx_crt0.o (initSystem)
/opt/devkitpro/libctru/lib/libctru.a(default_font.bin.o)
                              /opt/devkitpro/libctru/lib/libctru.a(console.o) (default_font_bin)
/opt/devkitpro/libctru/lib/libctru.a(vram.o)
                              /opt/devkitpro/libctru/lib/libctru.a(gfx.o) (vramAlloc)
/opt/devkitpro/libctru/lib/libctru.a(mappable.o)
                              /opt/devkitpro/libctru/lib/libctru.a(gfx.o) (mappableAlloc)
/opt/devkitpro/libctru/lib/libctru.a(linear.o)
                              /opt/devkitpro/libctru/lib/libctru.a(gfx.o) (linearAlloc)
/opt/devkitpro/libctru/lib/libctru.a(mem_pool.o)
                              /opt/devkitpro/libctru/lib/libctru.a(vram.o) (MemPool::Allocate(MemChunk&, unsigned long, int))
/opt/devkitpro/libctru/lib/libctru.a(synchronization.o)
                              /opt/devkitpro/libctru/lib/libctru.a(initSystem.o) (__sync_init)
/opt/devkitpro/libctru/lib/libctru.a(os.o)
                              /opt/devkitpro/libctru/lib/libctru.a(allocateHeaps.o) (osGetMemRegionUsed)
/opt/devkitpro/libctru/lib/libctru.a(srv.o)
                              /opt/devkitpro/libctru/lib/libctru.a(apt.o) (srvInit)
/opt/devkitpro/libctru/lib/libctru.a(thread.o)
                              /opt/devkitpro/libctru/lib/libctru.a(gspgpu.o) (threadCreate)
/opt/devkitpro/libctru/lib/libctru.a(irrst.o)
                              /opt/devkitpro/libctru/lib/libctru.a(hid.o) (irrstScanInput)
/opt/devkitpro/libctru/lib/libctru.a(srvpm.o)
                              /opt/devkitpro/libctru/lib/libctru.a(srv.o) (srvPmGetSessionHandle)
/opt/devkitpro/libctru/lib/libctru.a(ptmsysm.o)
                              /opt/devkitpro/libctru/lib/libctru.a(os.o) (ptmSysmInit)
/opt/devkitpro/libctru/lib/libctru.a(rbtree_init.o)
                              /opt/devkitpro/libctru/lib/libctru.a(vram.o) (rbtree_init)
/opt/devkitpro/libctru/lib/libctru.a(rbtree_insert.o)
                              /opt/devkitpro/libctru/lib/libctru.a(vram.o) (rbtree_insert)
/opt/devkitpro/libctru/lib/libctru.a(rbtree_rotate.o)
                              /opt/devkitpro/libctru/lib/libctru.a(rbtree_insert.o) (rbtree_rotate)
/opt/devkitpro/libctru/lib/libctru.a(rbtree_remove.o)
                              /opt/devkitpro/libctru/lib/libctru.a(vram.o) (rbtree_remove)
/opt/devkitpro/libctru/lib/libctru.a(rbtree_find.o)
                              /opt/devkitpro/libctru/lib/libctru.a(vram.o) (rbtree_find)
/opt/devkitpro/libctru/lib/libctru.a(encode_utf16.o)
                              /opt/devkitpro/libctru/lib/libctru.a(utf8_to_utf16.o) (encode_utf16)
/opt/devkitpro/libctru/lib/libctru.a(encode_utf8.o)
[...]
Memory Configuration

Name             Origin             Length             Attributes
*default*        0x0000000000000000 0xffffffffffffffff

Linker script and memory map

                0x0000000000100000                PROVIDE (__start__ = 0x100000)
                0x0000000000100000                . = __start__

.text           0x0000000000100000    0x1f92c
 *(.crt0)
 .crt0          0x0000000000100000       0x94 /opt/devkitpro/devkitARM/lib/gcc/arm-none-eabi/8.3.0/../../../../arm-none-eabi/lib/armv6k/fpu/3dsx_crt0.o
                0x0000000000100000                _start
                0x0000000000100008                __service_ptr
                0x000000000010000c                __apt_appid
                0x0000000000100010                __heap_size
                0x0000000000100014                __linear_heap_size
                0x0000000000100018                __system_arglist
                0x000000000010001c                __system_runflags
 *(.init)
 .init          0x0000000000100094        0xc /opt/devkitpro/devkitARM/lib/gcc/arm-none-eabi/8.3.0/armv6k/fpu/crti.o
                0x0000000000100094                _init
 .init          0x00000000001000a0        0xc /opt/devkitpro/devkitARM/lib/gcc/arm-none-eabi/8.3.0/armv6k/fpu/crtn.o
                0x00000000001000ac                . = ALIGN (0x4)
 *(.text)
 .text          0x00000000001000ac       0x64 /opt/devkitpro/libctru/lib/libctru.a(stack_adjust.o)
                0x00000000001000ac                initSystem
                0x00000000001000f0                __ctru_exit
 .text          0x0000000000100110      0x240 /opt/devkitpro/devkitARM/lib/gcc/arm-none-eabi/8.3.0/armv6k/fpu/libgcc.a(_divsi3.o)
                0x0000000000100110                __aeabi_idiv
                0x0000000000100110                __divsi3
                0x0000000000100330                __aeabi_idivmod
 .text          0x0000000000100350        0x4 /opt/devkitpro/devkitARM/lib/gcc/arm-none-eabi/8.3.0/armv6k/fpu/libgcc.a(_dvmd_tls.o)
                0x0000000000100350                __aeabi_ldiv0
                0x0000000000100350                __aeabi_idiv0
 .text          0x0000000000100354       0x3c /opt/devkitpro/devkitARM/lib/gcc/arm-none-eabi/8.3.0/armv6k/fpu/libgcc.a(_aeabi_uldivmod.o)
                0x0000000000100354                __aeabi_uldivmod
 *fill*         0x0000000000100390       0x10 
 .text          0x00000000001003a0      0x390 /opt/devkitpro/devkitARM/lib/gcc/arm-none-eabi/8.3.0/../../../../arm-none-eabi/lib/armv6k/fpu/libg.a(lib_a-strcmp.o)
                0x00000000001003a8                strcmp
 .text          0x0000000000100730      0x20c /opt/devkitpro/devkitARM/lib/gcc/arm-none-eabi/8.3.0/armv6k/fpu/libgcc.a(_udivsi3.o)
                0x0000000000100730                __udivsi3
                0x0000000000100730                __aeabi_uidiv
                0x000000000010091c                __aeabi_uidivmod
 .text          0x000000000010093c      0x3c0 /opt/devkitpro/devkitARM/lib/gcc/arm-none-eabi/8.3.0/armv6k/fpu/libgcc.a(_arm_addsubdf3.o)
                0x000000000010093c                __aeabi_drsub
                0x0000000000100944                __aeabi_dsub
                0x0000000000100944                __subdf3
                0x0000000000100948                __adddf3
                0x0000000000100948                __aeabi_dadd
                0x0000000000100bf4                __aeabi_ui2d
                0x0000000000100bf4                __floatunsidf
                0x0000000000100c18                __floatsidf
                0x0000000000100c18                __aeabi_i2d
                0x0000000000100c40                __extendsfdf2
                0x0000000000100c40                __aeabi_f2d
                0x0000000000100c88                __aeabi_ul2d
                0x0000000000100c88                __floatundidf
                0x0000000000100c9c                __floatdidf
                0x0000000000100c9c                __aeabi_l2d
 *(.text.*)
 .text.deregister_tm_clones
                0x0000000000100cfc       0x2c /opt/devkitpro/devkitARM/lib/gcc/arm-none-eabi/8.3.0/armv6k/fpu/crtbegin.o
 .text.register_tm_clones
                0x0000000000100d28       0x38 /opt/devkitpro/devkitARM/lib/gcc/arm-none-eabi/8.3.0/armv6k/fpu/crtbegin.o
 .text.__do_global_dtors_aux
                0x0000000000100d60       0x44 /opt/devkitpro/devkitARM/lib/gcc/arm-none-eabi/8.3.0/armv6k/fpu/crtbegin.o
 .text.frame_dummy
                0x0000000000100da4       0x34 /opt/devkitpro/devkitARM/lib/gcc/arm-none-eabi/8.3.0/armv6k/fpu/crtbegin.o
 .text.ezxml_free_attr.part.2
                0x0000000000100dd8       0xb8 ezxml.o
 .text.ezxml_err
                0x0000000000100e90       0x88 ezxml.o
                0x0000000000100e90                ezxml_err
 .text.ezxml_decode
                0x0000000000100f18      0x454 ezxml.o
                0x0000000000100f18                ezxml_decode
 .text.ezxml_char_content
                0x000000000010136c       0xdc ezxml.o
                0x000000000010136c                ezxml_char_content
 .text.ezxml_close_tag
                0x0000000000101448       0x60 ezxml.o
                0x0000000000101448                ezxml_close_tag
 .text.ezxml_ent_ok
                0x00000000001014a8       0xc8 ezxml.o
                0x00000000001014a8                ezxml_ent_ok
 .text.ezxml_proc_inst
                0x0000000000101570      0x254 ezxml.o
                0x0000000000101570                ezxml_proc_inst
 .text.ezxml_internal_dtd
                0x00000000001017c4      0x774 ezxml.o
                0x00000000001017c4                ezxml_internal_dtd
 .text.ezxml_str2utf8
                0x0000000000101f38      0x1b4 ezxml.o
                0x0000000000101f38                ezxml_str2utf8
 .text.ezxml_new
                0x00000000001020ec       0x84 ezxml.o
                0x00000000001020ec                ezxml_new
 .text.ezxml_insert
                0x0000000000102170      0x14c ezxml.o
                0x0000000000102170                ezxml_insert
 .text.ezxml_add_child
                0x00000000001022bc       0x50 ezxml.o
                0x00000000001022bc                ezxml_add_child
 .text.ezxml_open_tag
                0x000000000010230c       0x4c ezxml.o
                0x000000000010230c                ezxml_open_tag
 .text.ezxml_parse_str
                0x0000000000102358      0x9f4 ezxml.o
                0x0000000000102358                ezxml_parse_str
 .text.getRequest
                0x0000000000102d4c      0x3a8 main.o
                0x0000000000102d4c                getRequest
 .text.search_node
                0x00000000001030f4       0xd8 main.o
                0x00000000001030f4                search_node
 .text.startup.main
                0x00000000001031cc       0x8c main.o
                0x00000000001031cc                main
 .text.consoleDrawChar
                0x0000000000103258      0x1b8 /opt/devkitpro/libctru/lib/libctru.a(console.o)
                0x0000000000103258                consoleDrawChar
 .text.consolePrintChar
                0x0000000000103410      0x124 /opt/devkitpro/libctru/lib/libctru.a(console.o)
                0x0000000000103410                consolePrintChar
 .text.consoleCls
                0x0000000000103534      0x164 /opt/devkitpro/libctru/lib/libctru.a(console.o)
 .text.consoleInit
                0x0000000000103698      0x104 /opt/devkitpro/libctru/lib/libctru.a(console.o)
                0x0000000000103698                consoleInit
 .text.consoleClearLine
                0x000000000010379c      0x114 /opt/devkitpro/libctru/lib/libctru.a(console.o)
 .text.newRow   0x00000000001038b0       0xc4 /opt/devkitpro/libctru/lib/libctru.a(console.o)
 .text.con_write
                0x0000000000103974      0x7b8 /opt/devkitpro/libctru/lib/libctru.a(console.o)
                0x0000000000103974                con_write
 .text.gfxSetFramebufferInfo.part.0
                0x000000000010412c       0x8c /opt/devkitpro/libctru/lib/libctru.a(gfx.o)
 .text.gfxSetFramebufferInfo
                0x00000000001041b8       0x6c /opt/devkitpro/libctru/lib/libctru.a(gfx.o)
 .text.gfxGetFramebuffer.part.1
                0x0000000000104224       0x58 /opt/devkitpro/libctru/lib/libctru.a(gfx.o)
 .text.__get_bytes_per_pixel
                0x000000000010427c       0x18 /opt/devkitpro/libctru/lib/libctru.a(gfx.o)
                0x000000000010427c                __get_bytes_per_pixel
 .text.gfxSetScreenFormat
                0x0000000000104294      0x184 /opt/devkitpro/libctru/lib/libctru.a(gfx.o)
                0x0000000000104294                gfxSetScreenFormat
 .text.gfxSetDoubleBuffering
                0x0000000000104418       0x10 /opt/devkitpro/libctru/lib/libctru.a(gfx.o)
                0x0000000000104418                gfxSetDoubleBuffering
 .text.gfxInit  0x0000000000104428      0x210 /opt/devkitpro/libctru/lib/libctru.a(gfx.o)
                0x0000000000104428                gfxInit
 .text.gfxInitDefault
                0x0000000000104638       0x10 /opt/devkitpro/libctru/lib/libctru.a(gfx.o)
                0x0000000000104638                gfxInitDefault
 .text.gfxExit  0x0000000000104648       0xe0 /opt/devkitpro/libctru/lib/libctru.a(gfx.o)
                0x0000000000104648                gfxExit
 .text.gfxGetFramebuffer
                0x0000000000104728       0x60 /opt/devkitpro/libctru/lib/libctru.a(gfx.o)
                0x0000000000104728                gfxGetFramebuffer
 .text.gfxFlushBuffers
                0x0000000000104788       0xcc /opt/devkitpro/libctru/lib/libctru.a(gfx.o)
                0x0000000000104788                gfxFlushBuffers
 .text.gfxConfigScreen
                0x0000000000104854       0xf8 /opt/devkitpro/libctru/lib/libctru.a(gfx.o)
                0x0000000000104854                gfxConfigScreen
 .text.gfxSwapBuffers
                0x000000000010494c       0x20 /opt/devkitpro/libctru/lib/libctru.a(gfx.o)
                0x000000000010494c                gfxSwapBuffers
 .text.gfxSwapBuffersGpu
                0x000000000010496c       0x20 /opt/devkitpro/libctru/lib/libctru.a(gfx.o)
                0x000000000010496c                gfxSwapBuffersGpu
 .text.gspInit  0x000000000010498c       0x74 /opt/devkitpro/libctru/lib/libctru.a(gspgpu.o)
                0x000000000010498c                gspInit
 .text.gspExit  0x0000000000104a00       0x3c /opt/devkitpro/libctru/lib/libctru.a(gspgpu.o)
                0x0000000000104a00                gspExit
 .text.gspInitEventHandler
                0x0000000000104a3c       0xa0 /opt/devkitpro/libctru/lib/libctru.a(gspgpu.o)
                0x0000000000104a3c                gspInitEventHandler
 .text.gspExitEventHandler
                0x0000000000104adc       0x40 /opt/devkitpro/libctru/lib/libctru.a(gspgpu.o)
                0x0000000000104adc                gspExitEventHandler
 .text.gspWaitForEvent
                0x0000000000104b1c       0x44 /opt/devkitpro/libctru/lib/libctru.a(gspgpu.o)
                0x0000000000104b1c                gspWaitForEvent
 .text.gxCmdQueueInterrupt
                0x0000000000104b60        0x4 /opt/devkitpro/libctru/lib/libctru.a(gspgpu.o)
                0x0000000000104b60                gxCmdQueueInterrupt
 .text.gspEventThreadMain
                0x0000000000104b64      0x178 /opt/devkitpro/libctru/lib/libctru.a(gspgpu.o)
 .text.GSPGPU_SetBufferSwap
                0x0000000000104cdc       0x6c /opt/devkitpro/libctru/lib/libctru.a(gspgpu.o)
                0x0000000000104cdc                GSPGPU_SetBufferSwap
 .text.GSPGPU_FlushDataCache
                0x0000000000104d48       0x4c /opt/devkitpro/libctru/lib/libctru.a(gspgpu.o)
                0x0000000000104d48                GSPGPU_FlushDataCache
 .text.GSPGPU_SetLcdForceBlack
                0x0000000000104d94       0x34 /opt/devkitpro/libctru/lib/libctru.a(gspgpu.o)
                0x0000000000104d94                GSPGPU_SetLcdForceBlack
 .text.GSPGPU_RegisterInterruptRelayQueue
                0x0000000000104dc8       0x64 /opt/devkitpro/libctru/lib/libctru.a(gspgpu.o)
                0x0000000000104dc8                GSPGPU_RegisterInterruptRelayQueue
 .text.GSPGPU_UnregisterInterruptRelayQueue
                0x0000000000104e2c       0x2c /opt/devkitpro/libctru/lib/libctru.a(gspgpu.o)
                0x0000000000104e2c                GSPGPU_UnregisterInterruptRelayQueue
 .text.GSPGPU_AcquireRight
                0x0000000000104e58       0x48 /opt/devkitpro/libctru/lib/libctru.a(gspgpu.o)
                0x0000000000104e58                GSPGPU_AcquireRight
 .text.GSPGPU_ReleaseRight
                0x0000000000104ea0       0x2c /opt/devkitpro/libctru/lib/libctru.a(gspgpu.o)
                0x0000000000104ea0                GSPGPU_ReleaseRight
 .text.GSPGPU_ImportDisplayCaptureInfo
                0x0000000000104ecc       0x80 /opt/devkitpro/libctru/lib/libctru.a(gspgpu.o)
                0x0000000000104ecc                GSPGPU_ImportDisplayCaptureInfo
 .text.GSPGPU_SaveVramSysArea
                0x0000000000104f4c       0x2c /opt/devkitpro/libctru/lib/libctru.a(gspgpu.o)
                0x0000000000104f4c                GSPGPU_SaveVramSysArea
 .text.GSPGPU_RestoreVramSysArea
                0x0000000000104f78       0x2c /opt/devkitpro/libctru/lib/libctru.a(gspgpu.o)
                0x0000000000104f78                GSPGPU_RestoreVramSysArea
 .text._aptDebug
                0x0000000000104fa4        0x4 /opt/devkitpro/libctru/lib/libctru.a(apt.o)
                0x0000000000104fa4                _aptDebug
 .text.aptSendCommand
                0x0000000000104fa8      0x170 /opt/devkitpro/libctru/lib/libctru.a(apt.o)
                0x0000000000104fa8                aptSendCommand
 .text.aptExitProcess
                0x0000000000105118       0x3c /opt/devkitpro/libctru/lib/libctru.a(apt.o)
 .text.APT_InquireNotification
                0x0000000000105154       0x4c /opt/devkitpro/libctru/lib/libctru.a(apt.o)
                0x0000000000105154                APT_InquireNotification
 .text.aptEventHandler
                0x00000000001051a0      0x198 /opt/devkitpro/libctru/lib/libctru.a(apt.o)
 .text.APT_AppletUtility
                0x0000000000105338       0x74 /opt/devkitpro/libctru/lib/libctru.a(apt.o)
                0x0000000000105338                APT_AppletUtility
 .text.aptSetSleepAllowed
                0x00000000001053ac       0xb0 /opt/devkitpro/libctru/lib/libctru.a(apt.o)
                0x00000000001053ac                aptSetSleepAllowed
 .text.APT_GlanceParameter
                0x000000000010545c       0xb0 /opt/devkitpro/libctru/lib/libctru.a(apt.o)
                0x000000000010545c                APT_GlanceParameter
 .text.APT_ReceiveParameter
                0x000000000010550c       0xc4 /opt/devkitpro/libctru/lib/libctru.a(apt.o)
                0x000000000010550c                APT_ReceiveParameter
 .text.aptReceiveParameter.constprop.0
                0x00000000001055d0       0xbc /opt/devkitpro/libctru/lib/libctru.a(apt.o)
 *fill*         0x000000000010568c        0x4 
 .text.aptScreenTransfer
                0x0000000000105690      0x1e0 /opt/devkitpro/libctru/lib/libctru.a(apt.o)
 .text.aptWaitForWakeUp
                0x0000000000105870      0x210 /opt/devkitpro/libctru/lib/libctru.a(apt.o)
 .text.APT_CancelParameter
                0x0000000000105a80       0x70 /opt/devkitpro/libctru/lib/libctru.a(apt.o)
                0x0000000000105a80                APT_CancelParameter
 .text.aptInit  0x0000000000105af0      0x25c /opt/devkitpro/libctru/lib/libctru.a(apt.o)
                0x0000000000105af0                aptInit
 .text.aptClearParamQueue
                0x0000000000105d4c       0x88 /opt/devkitpro/libctru/lib/libctru.a(apt.o)
 .text.aptMainLoop
                0x0000000000105dd4      0x208 /opt/devkitpro/libctru/lib/libctru.a(apt.o)
                0x0000000000105dd4                aptMainLoop
 *fill*         0x0000000000105fdc        0x4 
 .text.aptExit  0x0000000000105fe0      0x23c /opt/devkitpro/libctru/lib/libctru.a(apt.o)
                0x0000000000105fe0                aptExit
 .text.APT_CheckNew3DS
                0x000000000010621c       0x7c /opt/devkitpro/libctru/lib/libctru.a(apt.o)
                0x000000000010621c                APT_CheckNew3DS
 .text.hidCheckSectionUpdateTime.part.0
                0x0000000000106298       0x28 /opt/devkitpro/libctru/lib/libctru.a(hid.o)
 .text.hidExit  0x00000000001062c0       0xd0 /opt/devkitpro/libctru/lib/libctru.a(hid.o)
                0x00000000001062c0                hidExit
 .text.hidScanInput
                0x0000000000106390      0x210 /opt/devkitpro/libctru/lib/libctru.a(hid.o)
                0x0000000000106390                hidScanInput
 .text.HIDUSER_GetHandles
                0x00000000001065a0       0x90 /opt/devkitpro/libctru/lib/libctru.a(hid.o)
                0x00000000001065a0                HIDUSER_GetHandles
 .text.hidInit  0x0000000000106630      0x1a4 /opt/devkitpro/libctru/lib/libctru.a(hid.o)
                0x0000000000106630                hidInit
 .text.httpcInit
                0x00000000001067d4      0x19c /opt/devkitpro/libctru/lib/libctru.a(httpc.o)
                0x00000000001067d4                httpcInit
 .text.httpcOpenContext
                0x0000000000106970      0x138 /opt/devkitpro/libctru/lib/libctru.a(httpc.o)
                0x0000000000106970                httpcOpenContext
 .text.httpcCloseContext
                0x0000000000106aa8       0x44 /opt/devkitpro/libctru/lib/libctru.a(httpc.o)
                0x0000000000106aa8                httpcCloseContext
 .text.httpcAddRequestHeaderField
                0x0000000000106aec       0x80 /opt/devkitpro/libctru/lib/libctru.a(httpc.o)
                0x0000000000106aec                httpcAddRequestHeaderField
 .text.httpcBeginRequest
                0x0000000000106b6c       0x30 /opt/devkitpro/libctru/lib/libctru.a(httpc.o)
                0x0000000000106b6c                httpcBeginRequest
 .text.httpcReceiveData
                0x0000000000106b9c       0x44 /opt/devkitpro/libctru/lib/libctru.a(httpc.o)
                0x0000000000106b9c                httpcReceiveData
 .text.httpcDownloadData
                0x0000000000106be0      0x100 /opt/devkitpro/libctru/lib/libctru.a(httpc.o)
                0x0000000000106be0                httpcDownloadData
 .text.httpcGetResponseHeader
                0x0000000000106ce0       0x78 /opt/devkitpro/libctru/lib/libctru.a(httpc.o)
                0x0000000000106ce0                httpcGetResponseHeader
 .text.httpcGetResponseStatusCode
                0x0000000000106d58       0x3c /opt/devkitpro/libctru/lib/libctru.a(httpc.o)
                0x0000000000106d58                httpcGetResponseStatusCode
 .text.httpcSetSSLOpt
                0x0000000000106d94       0x34 /opt/devkitpro/libctru/lib/libctru.a(httpc.o)
                0x0000000000106d94                httpcSetSSLOpt
 .text.httpcSetKeepAlive
                0x0000000000106dc8       0x34 /opt/devkitpro/libctru/lib/libctru.a(httpc.o)
                0x0000000000106dc8                httpcSetKeepAlive
 .text.utf8_to_utf16
                0x0000000000106dfc       0xc0 /opt/devkitpro/libctru/lib/libctru.a(utf8_to_utf16.o)
                0x0000000000106dfc                utf8_to_utf16
 .text.decode_utf8
                0x0000000000106ebc      0x138 /opt/devkitpro/libctru/lib/libctru.a(decode_utf8.o)
                0x0000000000106ebc                decode_utf8
 .text.utf16_to_utf8
                0x0000000000106ff4       0xe8 /opt/devkitpro/libctru/lib/libctru.a(utf16_to_utf8.o)
                0x0000000000106ff4                utf16_to_utf8
 .text.__libctru_init
                0x00000000001070dc       0x38 /opt/devkitpro/libctru/lib/libctru.a(initSystem.o)
                0x00000000001070dc                __libctru_init
 .text.__libctru_nanosleep
                0x0000000000107114       0x38 /opt/devkitpro/libctru/lib/libctru.a(syscalls.o)
 .text.__ctru_get_reent
                0x000000000010714c       0x30 /opt/devkitpro/libctru/lib/libctru.a(syscalls.o)
 .text.__system_initSyscalls
                0x000000000010717c       0xfc /opt/devkitpro/libctru/lib/libctru.a(syscalls.o)
                0x000000000010717c                __system_initSyscalls
 .text.__system_allocateHeaps
                0x0000000000107278      0x104 /opt/devkitpro/libctru/lib/libctru.a(allocateHeaps.o)
                0x0000000000107278                __system_allocateHeaps
 .text.__system_initArgv
                0x000000000010737c       0xf0 /opt/devkitpro/libctru/lib/libctru.a(initArgv.o)
                0x000000000010737c                __system_initArgv
 .text.svcControlMemory
                0x000000000010746c       0x20 /opt/devkitpro/libctru/lib/libctru.a(svc.o)
                0x000000000010746c                svcControlMemory
 .text.svcExitProcess
                0x000000000010748c        0x8 /opt/devkitpro/libctru/lib/libctru.a(svc.o)
                0x000000000010748c                svcExitProcess
 .text.svcCreateThread
                0x0000000000107494       0x20 /opt/devkitpro/libctru/lib/libctru.a(svc.o)
                0x0000000000107494                svcCreateThread
 .text.svcExitThread
                0x00000000001074b4        0x8 /opt/devkitpro/libctru/lib/libctru.a(svc.o)
                0x00000000001074b4                svcExitThread
 .text.svcSleepThread
                0x00000000001074bc        0x8 /opt/devkitpro/libctru/lib/libctru.a(svc.o)
                0x00000000001074bc                svcSleepThread
 .text.svcReleaseMutex
                0x00000000001074c4        0x8 /opt/devkitpro/libctru/lib/libctru.a(svc.o)
                0x00000000001074c4                svcReleaseMutex
 .text.svcCreateEvent
                0x00000000001074cc       0x14 /opt/devkitpro/libctru/lib/libctru.a(svc.o)
                0x00000000001074cc                svcCreateEvent
 .text.svcSignalEvent
                0x00000000001074e0        0x8 /opt/devkitpro/libctru/lib/libctru.a(svc.o)
                0x00000000001074e0                svcSignalEvent
 .text.svcClearEvent
                0x00000000001074e8        0x8 /opt/devkitpro/libctru/lib/libctru.a(svc.o)
                0x00000000001074e8                svcClearEvent
 .text.svcCreateMemoryBlock
                0x00000000001074f0       0x18 /opt/devkitpro/libctru/lib/libctru.a(svc.o)
                0x00000000001074f0                svcCreateMemoryBlock
 .text.svcMapMemoryBlock
                0x0000000000107508        0x8 /opt/devkitpro/libctru/lib/libctru.a(svc.o)
                0x0000000000107508                svcMapMemoryBlock
 .text.svcUnmapMemoryBlock
                0x0000000000107510        0x8 /opt/devkitpro/libctru/lib/libctru.a(svc.o)
                0x0000000000107510                svcUnmapMemoryBlock
 .text.svcCreateAddressArbiter
                0x0000000000107518       0x14 /opt/devkitpro/libctru/lib/libctru.a(svc.o)
                0x0000000000107518                svcCreateAddressArbiter
 .text.svcArbitrateAddress
                0x000000000010752c       0x18 /opt/devkitpro/libctru/lib/libctru.a(svc.o)
                0x000000000010752c                svcArbitrateAddress
 .text.svcCloseHandle
                0x0000000000107544        0x8 /opt/devkitpro/libctru/lib/libctru.a(svc.o)
                0x0000000000107544                svcCloseHandle
 .text.svcWaitSynchronization
                0x000000000010754c        0x8 /opt/devkitpro/libctru/lib/libctru.a(svc.o)
                0x000000000010754c                svcWaitSynchronization
 .text.svcWaitSynchronizationN
                0x0000000000107554       0x28 /opt/devkitpro/libctru/lib/libctru.a(svc.o)
                0x0000000000107554                svcWaitSynchronizationN
 .text.svcDuplicateHandle
                0x000000000010757c       0x14 /opt/devkitpro/libctru/lib/libctru.a(svc.o)
                0x000000000010757c                svcDuplicateHandle
 .text.svcGetSystemTick
                0x0000000000107590        0x8 /opt/devkitpro/libctru/lib/libctru.a(svc.o)
                0x0000000000107590                svcGetSystemTick
 .text.svcGetSystemInfo
                0x0000000000107598       0x18 /opt/devkitpro/libctru/lib/libctru.a(svc.o)
                0x0000000000107598                svcGetSystemInfo
 .text.svcConnectToPort
                0x00000000001075b0       0x14 /opt/devkitpro/libctru/lib/libctru.a(svc.o)
                0x00000000001075b0                svcConnectToPort
 .text.svcSendSyncRequest
                0x00000000001075c4        0x8 /opt/devkitpro/libctru/lib/libctru.a(svc.o)
                0x00000000001075c4                svcSendSyncRequest
 .text.svcBreak
                0x00000000001075cc        0x8 /opt/devkitpro/libctru/lib/libctru.a(svc.o)
                0x00000000001075cc                svcBreak
 .text._ZL21addrMapNodeComparatorPK11rbtree_nodeS1_
                0x00000000001075d4       0x24 /opt/devkitpro/libctru/lib/libctru.a(vram.o)
 .text._ZL21addrMapNodeDestructorP11rbtree_node
                0x00000000001075f8        0x4 /opt/devkitpro/libctru/lib/libctru.a(vram.o)
 .text.vramMemAlign
                0x00000000001075fc      0x110 /opt/devkitpro/libctru/lib/libctru.a(vram.o)
                0x00000000001075fc                vramMemAlign
 .text.vramAlloc
                0x000000000010770c        0x8 /opt/devkitpro/libctru/lib/libctru.a(vram.o)
                0x000000000010770c                vramAlloc
 .text.vramFree
                0x0000000000107714       0x50 /opt/devkitpro/libctru/lib/libctru.a(vram.o)
                0x0000000000107714                vramFree
 .text._ZL21addrMapNodeComparatorPK11rbtree_nodeS1_
                0x0000000000107764       0x24 /opt/devkitpro/libctru/lib/libctru.a(mappable.o)
 .text._ZL21addrMapNodeDestructorP11rbtree_node
                0x0000000000107788        0x4 /opt/devkitpro/libctru/lib/libctru.a(mappable.o)
 .text.mappableAlloc
                0x000000000010778c       0xe4 /opt/devkitpro/libctru/lib/libctru.a(mappable.o)
                0x000000000010778c                mappableAlloc
 .text.mappableFree
                0x0000000000107870       0x50 /opt/devkitpro/libctru/lib/libctru.a(mappable.o)
                0x0000000000107870                mappableFree
 .text._ZL21addrMapNodeComparatorPK11rbtree_nodeS1_
                0x00000000001078c0       0x24 /opt/devkitpro/libctru/lib/libctru.a(linear.o)
 .text._ZL21addrMapNodeDestructorP11rbtree_node
                0x00000000001078e4        0x4 /opt/devkitpro/libctru/lib/libctru.a(linear.o)
 .text.linearMemAlign
                0x00000000001078e8      0x11c /opt/devkitpro/libctru/lib/libctru.a(linear.o)
                0x00000000001078e8                linearMemAlign
 .text.linearAlloc
                0x0000000000107a04        0x8 /opt/devkitpro/libctru/lib/libctru.a(linear.o)
                0x0000000000107a04                linearAlloc
 .text.linearFree
                0x0000000000107a0c       0x50 /opt/devkitpro/libctru/lib/libctru.a(linear.o)
                0x0000000000107a0c                linearFree
 .text._ZN7MemPool13CoalesceRightEP8MemBlock
                0x0000000000107a5c       0x90 /opt/devkitpro/libctru/lib/libctru.a(mem_pool.o)
                0x0000000000107a5c                MemPool::CoalesceRight(MemBlock*)
 .text._ZN7MemPool8AllocateER8MemChunkmi
                0x0000000000107aec      0x174 /opt/devkitpro/libctru/lib/libctru.a(mem_pool.o)
                0x0000000000107aec                MemPool::Allocate(MemChunk&, unsigned long, int)
 .text._ZN7MemPool10DeallocateERK8MemChunk
                0x0000000000107c60       0xfc /opt/devkitpro/libctru/lib/libctru.a(mem_pool.o)
                0x0000000000107c60                MemPool::Deallocate(MemChunk const&)
 .text.LightLock_Unlock.part.1
                0x0000000000107d5c       0x38 /opt/devkitpro/libctru/lib/libctru.a(synchronization.o)
 .text.__sync_init
                0x0000000000107d94        0xc /opt/devkitpro/libctru/lib/libctru.a(synchronization.o)
                0x0000000000107d94                __sync_init
 .text.__sync_fini
                0x0000000000107da0       0x18 /opt/devkitpro/libctru/lib/libctru.a(synchronization.o)
                0x0000000000107da0                __sync_fini
 .text.__sync_get_arbiter
                0x0000000000107db8       0x10 /opt/devkitpro/libctru/lib/libctru.a(synchronization.o)
                0x0000000000107db8                __sync_get_arbiter
 .text.LightLock_Init
                0x0000000000107dc8       0x18 /opt/devkitpro/libctru/lib/libctru.a(synchronization.o)
                0x0000000000107dc8                LightLock_Init
 .text.LightLock_Lock
                0x0000000000107de0       0x9c /opt/devkitpro/libctru/lib/libctru.a(synchronization.o)
                0x0000000000107de0                LightLock_Lock
 .text.LightLock_TryLock
                0x0000000000107e7c       0x34 /opt/devkitpro/libctru/lib/libctru.a(synchronization.o)
                0x0000000000107e7c                LightLock_TryLock
 .text.LightLock_Unlock
                0x0000000000107eb0       0x20 /opt/devkitpro/libctru/lib/libctru.a(synchronization.o)
                0x0000000000107eb0                LightLock_Unlock
 .text.RecursiveLock_Init
                0x0000000000107ed0       0x24 /opt/devkitpro/libctru/lib/libctru.a(synchronization.o)
                0x0000000000107ed0                RecursiveLock_Init
 .text.RecursiveLock_Lock
                0x0000000000107ef4       0x30 /opt/devkitpro/libctru/lib/libctru.a(synchronization.o)
                0x0000000000107ef4                RecursiveLock_Lock
 .text.RecursiveLock_TryLock
                0x0000000000107f24       0x58 /opt/devkitpro/libctru/lib/libctru.a(synchronization.o)
                0x0000000000107f24                RecursiveLock_TryLock
 .text.RecursiveLock_Unlock
                0x0000000000107f7c       0x38 /opt/devkitpro/libctru/lib/libctru.a(synchronization.o)
                0x0000000000107f7c                RecursiveLock_Unlock
 .text.LightEvent_Init
                0x0000000000107fb4       0x38 /opt/devkitpro/libctru/lib/libctru.a(synchronization.o)
                0x0000000000107fb4                LightEvent_Init
 .text.LightEvent_Clear
                0x0000000000107fec       0x7c /opt/devkitpro/libctru/lib/libctru.a(synchronization.o)
                0x0000000000107fec                LightEvent_Clear
 .text.LightEvent_Signal
                0x0000000000108068       0xdc /opt/devkitpro/libctru/lib/libctru.a(synchronization.o)
                0x0000000000108068                LightEvent_Signal
 .text.LightEvent_Wait
                0x0000000000108144       0xc0 /opt/devkitpro/libctru/lib/libctru.a(synchronization.o)
                0x0000000000108144                LightEvent_Wait
 .text.getSysTime
                0x0000000000108204       0x58 /opt/devkitpro/libctru/lib/libctru.a(os.o)
 .text.__ctru_speedup_config.part.0
                0x000000000010825c       0x28 /opt/devkitpro/libctru/lib/libctru.a(os.o)
 .text.osGetMemRegionUsed
                0x0000000000108284       0x24 /opt/devkitpro/libctru/lib/libctru.a(os.o)
                0x0000000000108284                osGetMemRegionUsed
 .text.__libctru_gtod
                0x00000000001082a8      0x128 /opt/devkitpro/libctru/lib/libctru.a(os.o)
                0x00000000001082a8                __libctru_gtod
 .text.__ctru_speedup_config
                0x00000000001083d0       0x18 /opt/devkitpro/libctru/lib/libctru.a(os.o)
                0x00000000001083d0                __ctru_speedup_config
 .text.srvExit  0x00000000001083e8       0x58 /opt/devkitpro/libctru/lib/libctru.a(srv.o)
                0x00000000001083e8                srvExit
 .text.srvRegisterClient
                0x0000000000108440       0x38 /opt/devkitpro/libctru/lib/libctru.a(srv.o)
                0x0000000000108440                srvRegisterClient
 .text.srvInit  0x0000000000108478       0xc8 /opt/devkitpro/libctru/lib/libctru.a(srv.o)
                0x0000000000108478                srvInit
 .text.srvGetServiceHandleDirect
                0x0000000000108540       0x80 /opt/devkitpro/libctru/lib/libctru.a(srv.o)
                0x0000000000108540                srvGetServiceHandleDirect
 .text.srvGetServiceHandle
                0x00000000001085c0       0x38 /opt/devkitpro/libctru/lib/libctru.a(srv.o)
                0x00000000001085c0                srvGetServiceHandle
 .text.threadFree.part.0
                0x00000000001085f8       0x1c /opt/devkitpro/libctru/lib/libctru.a(thread.o)
 .text.threadCreate
                0x0000000000108614      0x194 /opt/devkitpro/libctru/lib/libctru.a(thread.o)
                0x0000000000108614                threadCreate
 .text.threadJoin
                0x00000000001087a8       0x24 /opt/devkitpro/libctru/lib/libctru.a(thread.o)
                0x00000000001087a8                threadJoin
 .text.threadExit
                0x00000000001087cc       0x68 /opt/devkitpro/libctru/lib/libctru.a(thread.o)
                0x00000000001087cc                threadExit
 .text._thread_begin
                0x0000000000108834       0x48 /opt/devkitpro/libctru/lib/libctru.a(thread.o)
 .text.irrstScanInput
                0x000000000010887c       0xac /opt/devkitpro/libctru/lib/libctru.a(irrst.o)
                0x000000000010887c                irrstScanInput
 .text.irrstKeysHeld
                0x0000000000108928       0x24 /opt/devkitpro/libctru/lib/libctru.a(irrst.o)
                0x0000000000108928                irrstKeysHeld
 .text.IRRST_GetHandles
                0x000000000010894c       0x50 /opt/devkitpro/libctru/lib/libctru.a(irrst.o)
                0x000000000010894c                IRRST_GetHandles
 .text.irrstInit
                0x000000000010899c      0x154 /opt/devkitpro/libctru/lib/libctru.a(irrst.o)
                0x000000000010899c                irrstInit
 .text.IRRST_Shutdown
                0x0000000000108af0       0x2c /opt/devkitpro/libctru/lib/libctru.a(irrst.o)
                0x0000000000108af0                IRRST_Shutdown
 .text.irrstExit
                0x0000000000108b1c       0xac /opt/devkitpro/libctru/lib/libctru.a(irrst.o)
                0x0000000000108b1c                irrstExit
 .text.srvPmGetSessionHandle
                0x0000000000108bc8        0xc /opt/devkitpro/libctru/lib/libctru.a(srvpm.o)
                0x0000000000108bc8                srvPmGetSessionHandle
 .text.ptmSysmInit
                0x0000000000108bd4       0x74 /opt/devkitpro/libctru/lib/libctru.a(ptmsysm.o)
                0x0000000000108bd4                ptmSysmInit
 .text.ptmSysmExit
                0x0000000000108c48       0x3c /opt/devkitpro/libctru/lib/libctru.a(ptmsysm.o)
                0x0000000000108c48                ptmSysmExit
 .text.PTMSYSM_ConfigureNew3DSCPU
                0x0000000000108c84       0x34 /opt/devkitpro/libctru/lib/libctru.a(ptmsysm.o)
                0x0000000000108c84                PTMSYSM_ConfigureNew3DSCPU
 .text.rbtree_init
                0x0000000000108cb8       0x14 /opt/devkitpro/libctru/lib/libctru.a(rbtree_init.o)
                0x0000000000108cb8                rbtree_init
 .text.do_insert
                0x0000000000108ccc      0x18c /opt/devkitpro/libctru/lib/libctru.a(rbtree_insert.o)
 .text.rbtree_insert
                0x0000000000108e58        0x8 /opt/devkitpro/libctru/lib/libctru.a(rbtree_insert.o)
                0x0000000000108e58                rbtree_insert
 .text.rbtree_rotate
                0x0000000000108e60       0x90 /opt/devkitpro/libctru/lib/libctru.a(rbtree_rotate.o)
                0x0000000000108e60                rbtree_rotate
 .text.rbtree_remove
                0x0000000000108ef0      0x330 /opt/devkitpro/libctru/lib/libctru.a(rbtree_remove.o)
                0x0000000000108ef0                rbtree_remove
 .text.rbtree_find
                0x0000000000109220       0x74 /opt/devkitpro/libctru/lib/libctru.a(rbtree_find.o)
                0x0000000000109220                rbtree_find
 .text.encode_utf16
                0x0000000000109294       0x68 /opt/devkitpro/libctru/lib/libctru.a(encode_utf16.o)
                0x0000000000109294                encode_utf16
 .text.encode_utf8
                0x00000000001092fc      0x104 /opt/devkitpro/libctru/lib/libctru.a(encode_utf8.o)
                0x00000000001092fc                encode_utf8
 .text.decode_utf16
                0x0000000000109400       0x60 /opt/devkitpro/libctru/lib/libctru.a(decode_utf16.o)
                0x0000000000109400                decode_utf16
 .text.__appInit
                0x0000000000109460       0x1c /opt/devkitpro/libctru/lib/libctru.a(appInit.o)
                0x0000000000109460                __appInit
 .text.__appExit
                0x000000000010947c       0x1c /opt/devkitpro/libctru/lib/libctru.a(appExit.o)
                0x000000000010947c                __appExit
 .text.__libctru_exit
                0x0000000000109498       0xa0 /opt/devkitpro/libctru/lib/libctru.a(ctru_exit.o)
                0x0000000000109498                __libctru_exit
 .text.envGetHandle
                0x0000000000109538       0x80 /opt/devkitpro/libctru/lib/libctru.a(env.o)
                0x0000000000109538                envGetHandle
 .text.envDestroyHandles
                0x00000000001095b8       0x4c /opt/devkitpro/libctru/lib/libctru.a(env.o)
                0x00000000001095b8                envDestroyHandles
 .text.sdmc_link
                0x0000000000109604       0x10 /opt/devkitpro/libctru/lib/libctru.a(sdmc_dev.o)
 .text.sdmc_dirreset
                0x0000000000109614       0x10 /opt/devkitpro/libctru/lib/libctru.a(sdmc_dev.o)
 .text.sdmc_chmod
                0x0000000000109624       0x10 /opt/devkitpro/libctru/lib/libctru.a(sdmc_dev.o)
 .text.error_cmp
                0x0000000000109634       0x24 /opt/devkitpro/libctru/lib/libctru.a(sdmc_dev.o)
 .text.sdmc_translate_error
                0x0000000000109658       0x50 /opt/devkitpro/libctru/lib/libctru.a(sdmc_dev.o)
 .text.sdmc_fsync
                0x00000000001096a8       0x34 /opt/devkitpro/libctru/lib/libctru.a(sdmc_dev.o)
 .text.sdmc_ftruncate
                0x00000000001096dc       0x54 /opt/devkitpro/libctru/lib/libctru.a(sdmc_dev.o)
 .text.sdmc_statvfs
                0x0000000000109730       0xb8 /opt/devkitpro/libctru/lib/libctru.a(sdmc_dev.o)
 .text.sdmc_dirclose
                0x00000000001097e8       0x38 /opt/devkitpro/libctru/lib/libctru.a(sdmc_dev.o)
 .text.sdmc_dirnext
                0x0000000000109820      0x12c /opt/devkitpro/libctru/lib/libctru.a(sdmc_dev.o)
 .text.sdmc_close
                0x000000000010994c       0x34 /opt/devkitpro/libctru/lib/libctru.a(sdmc_dev.o)
 .text.sdmc_fstat
                0x0000000000109980       0x74 /opt/devkitpro/libctru/lib/libctru.a(sdmc_dev.o)
 .text.sdmc_seek
                0x00000000001099f4       0xd8 /opt/devkitpro/libctru/lib/libctru.a(sdmc_dev.o)
 .text.sdmc_read
                0x0000000000109acc       0x84 /opt/devkitpro/libctru/lib/libctru.a(sdmc_dev.o)
 .text.sdmc_write
                0x0000000000109b50       0xc0 /opt/devkitpro/libctru/lib/libctru.a(sdmc_dev.o)
 .text.sdmc_utf16path
                0x0000000000109c10      0x1b0 /opt/devkitpro/libctru/lib/libctru.a(sdmc_dev.o)
 .text.sdmc_rmdir
                0x0000000000109dc0       0x74 /opt/devkitpro/libctru/lib/libctru.a(sdmc_dev.o)
 .text.sdmc_diropen
                0x0000000000109e34       0xa4 /opt/devkitpro/libctru/lib/libctru.a(sdmc_dev.o)
 .text.sdmc_chdir
                0x0000000000109ed8       0xb0 /opt/devkitpro/libctru/lib/libctru.a(sdmc_dev.o)
 .text.sdmc_mkdir
                0x0000000000109f88       0x94 /opt/devkitpro/libctru/lib/libctru.a(sdmc_dev.o)
 .text.sdmc_rename
                0x000000000010a01c      0x108 /opt/devkitpro/libctru/lib/libctru.a(sdmc_dev.o)
 .text.sdmc_unlink
                0x000000000010a124       0x74 /opt/devkitpro/libctru/lib/libctru.a(sdmc_dev.o)
 .text.sdmc_stat
                0x000000000010a198      0x108 /opt/devkitpro/libctru/lib/libctru.a(sdmc_dev.o)
 .text.sdmc_open
                0x000000000010a2a0      0x198 /opt/devkitpro/libctru/lib/libctru.a(sdmc_dev.o)
 .text.sdmc_fchmod
                0x000000000010a438       0x10 /opt/devkitpro/libctru/lib/libctru.a(sdmc_dev.o)
 .text.sdmcInit
                0x000000000010a448      0x168 /opt/devkitpro/libctru/lib/libctru.a(sdmc_dev.o)
                0x000000000010a448                sdmcInit
 .text.sdmcExit
                0x000000000010a5b0       0x60 /opt/devkitpro/libctru/lib/libctru.a(sdmc_dev.o)
                0x000000000010a5b0                sdmcExit
 .text.fsSessionForArchive.part.0
                0x000000000010a610       0x28 /opt/devkitpro/libctru/lib/libctru.a(fs.o)
 .text.fsInit   0x000000000010a638       0xc4 /opt/devkitpro/libctru/lib/libctru.a(fs.o)
                0x000000000010a638                fsInit
 .text.fsExit   0x000000000010a6fc       0x3c /opt/devkitpro/libctru/lib/libctru.a(fs.o)
                0x000000000010a6fc                fsExit
 .text.fsExemptFromSession
                0x000000000010a738       0x64 /opt/devkitpro/libctru/lib/libctru.a(fs.o)
                0x000000000010a738                fsExemptFromSession
 .text.fsUnexemptFromSession
                0x000000000010a79c       0x54 /opt/devkitpro/libctru/lib/libctru.a(fs.o)
                0x000000000010a79c                fsUnexemptFromSession
 .text.FSUSER_OpenFile
                0x000000000010a7f0       0xbc /opt/devkitpro/libctru/lib/libctru.a(fs.o)
                0x000000000010a7f0                FSUSER_OpenFile
 .text.FSUSER_DeleteFile
                0x000000000010a8ac       0xa4 /opt/devkitpro/libctru/lib/libctru.a(fs.o)
                0x000000000010a8ac                FSUSER_DeleteFile
 .text.FSUSER_RenameFile
                0x000000000010a950       0xdc /opt/devkitpro/libctru/lib/libctru.a(fs.o)
                0x000000000010a950                FSUSER_RenameFile
 .text.FSUSER_DeleteDirectory
                0x000000000010aa2c       0xa4 /opt/devkitpro/libctru/lib/libctru.a(fs.o)
                0x000000000010aa2c                FSUSER_DeleteDirectory
 .text.FSUSER_CreateFile
                0x000000000010aad0       0xbc /opt/devkitpro/libctru/lib/libctru.a(fs.o)
                0x000000000010aad0                FSUSER_CreateFile
 .text.FSUSER_CreateDirectory
                0x000000000010ab8c       0xac /opt/devkitpro/libctru/lib/libctru.a(fs.o)
                0x000000000010ab8c                FSUSER_CreateDirectory
 .text.FSUSER_RenameDirectory
                0x000000000010ac38       0xdc /opt/devkitpro/libctru/lib/libctru.a(fs.o)
                0x000000000010ac38                FSUSER_RenameDirectory
 .text.FSUSER_OpenDirectory
                0x000000000010ad14       0xa0 /opt/devkitpro/libctru/lib/libctru.a(fs.o)
                0x000000000010ad14                FSUSER_OpenDirectory
 .text.FSUSER_OpenArchive
                0x000000000010adb4       0x98 /opt/devkitpro/libctru/lib/libctru.a(fs.o)
                0x000000000010adb4                FSUSER_OpenArchive
 .text.FSUSER_CloseArchive
                0x000000000010ae4c       0x70 /opt/devkitpro/libctru/lib/libctru.a(fs.o)
                0x000000000010ae4c                FSUSER_CloseArchive
 .text.FSUSER_GetSdmcArchiveResource
                0x000000000010aebc       0x78 /opt/devkitpro/libctru/lib/libctru.a(fs.o)
                0x000000000010aebc                FSUSER_GetSdmcArchiveResource
 .text.FSUSER_IsSdmcWritable
                0x000000000010af34       0x64 /opt/devkitpro/libctru/lib/libctru.a(fs.o)
                0x000000000010af34                FSUSER_IsSdmcWritable
 .text.FSFILE_Read
                0x000000000010af98       0x58 /opt/devkitpro/libctru/lib/libctru.a(fs.o)
                0x000000000010af98                FSFILE_Read
 .text.FSFILE_Write
                0x000000000010aff0       0x64 /opt/devkitpro/libctru/lib/libctru.a(fs.o)
                0x000000000010aff0                FSFILE_Write
 .text.FSFILE_GetSize
                0x000000000010b054       0x38 /opt/devkitpro/libctru/lib/libctru.a(fs.o)
                0x000000000010b054                FSFILE_GetSize
 .text.FSFILE_SetSize
                0x000000000010b08c       0x28 /opt/devkitpro/libctru/lib/libctru.a(fs.o)
                0x000000000010b08c                FSFILE_SetSize
 .text.FSFILE_Close
                0x000000000010b0b4       0x3c /opt/devkitpro/libctru/lib/libctru.a(fs.o)
                0x000000000010b0b4                FSFILE_Close
 .text.FSFILE_Flush
                0x000000000010b0f0       0x24 /opt/devkitpro/libctru/lib/libctru.a(fs.o)
                0x000000000010b0f0                FSFILE_Flush
 .text.FSDIR_Read
                0x000000000010b114       0x54 /opt/devkitpro/libctru/lib/libctru.a(fs.o)
                0x000000000010b114                FSDIR_Read
 .text.FSDIR_Close
                0x000000000010b168       0x3c /opt/devkitpro/libctru/lib/libctru.a(fs.o)
                0x000000000010b168                FSDIR_Close
 .text.rbtree_node_next
                0x000000000010b1a4       0x78 /opt/devkitpro/libctru/lib/libctru.a(rbtree_iterator.o)
                0x000000000010b1a4                rbtree_node_next
 .text.__aeabi_read_tp
                0x000000000010b21c        0xc /opt/devkitpro/libctru/lib/libctru.a(readtp.o)
                0x000000000010b21c                __aeabi_read_tp
 .text.__fixdfdi
                0x000000000010b228       0x2c /opt/devkitpro/devkitARM/lib/gcc/arm-none-eabi/8.3.0/armv6k/fpu/libgcc.a(_fixdfdi.o)
                0x000000000010b228                __aeabi_d2lz
                0x000000000010b228                __fixdfdi
 *fill*         0x000000000010b254        0x4 
 .text.__fixunsdfdi
                0x000000000010b258       0x40 /opt/devkitpro/devkitARM/lib/gcc/arm-none-eabi/8.3.0/armv6k/fpu/libgcc.a(_fixunsdfdi.o)
                0x000000000010b258                __aeabi_d2ulz
                0x000000000010b258                __fixunsdfdi
 .text.__udivmoddi4
                0x000000000010b298      0x128 /opt/devkitpro/devkitARM/lib/gcc/arm-none-eabi/8.3.0/armv6k/fpu/libgcc.a(_udivmoddi4.o)
                0x000000000010b298                __udivmoddi4
 .text.bsearch  0x000000000010b3c0       0x7c /opt/devkitpro/devkitARM/lib/gcc/arm-none-eabi/8.3.0/../../../../arm-none-eabi/lib/armv6k/fpu/libg.a(lib_a-bsearch.o)
                0x000000000010b3c0                bsearch
 .text.calloc   0x000000000010b43c       0x20 /opt/devkitpro/devkitARM/lib/gcc/arm-none-eabi/8.3.0/../../../../arm-none-eabi/lib/armv6k/fpu/libg.a(lib_a-calloc.o)
                0x000000000010b43c                calloc
 .text._calloc_r
                0x000000000010b45c       0x94 /opt/devkitpro/devkitARM/lib/gcc/arm-none-eabi/8.3.0/../../../../arm-none-eabi/lib/armv6k/fpu/libg.a(lib_a-callocr.o)
                0x000000000010b45c                _calloc_r
 .text.__libc_fini_array
                0x000000000010b4f0       0x40 /opt/devkitpro/devkitARM/lib/gcc/arm-none-eabi/8.3.0/../../../../arm-none-eabi/lib/armv6k/fpu/libg.a(lib_a-fini.o)
                0x000000000010b4f0                __libc_fini_array
 .text._malloc_trim_r
                0x000000000010b530       0xf8 /opt/devkitpro/devkitARM/lib/gcc/arm-none-eabi/8.3.0/../../../../arm-none-eabi/lib/armv6k/fpu/libg.a(lib_a-freer.o)
                0x000000000010b530                _malloc_trim_r
 .text._free_r  0x000000000010b628      0x2e4 /opt/devkitpro/devkitARM/lib/gcc/arm-none-eabi/8.3.0/../../../../arm-none-eabi/lib/armv6k/fpu/libg.a(lib_a-freer.o)
                0x000000000010b628                _free_r
 .text.__libc_init_array
                0x000000000010b90c       0x7c /opt/devkitpro/devkitARM/lib/gcc/arm-none-eabi/8.3.0/../../../../arm-none-eabi/lib/armv6k/fpu/libg.a(lib_a-init.o)
                0x000000000010b90c                __libc_init_array
 .text.memalign
                0x000000000010b988       0x20 /opt/devkitpro/devkitARM/lib/gcc/arm-none-eabi/8.3.0/../../../../arm-none-eabi/lib/armv6k/fpu/libg.a(lib_a-malign.o)
                0x000000000010b988                memalign
 .text._memalign_r
                0x000000000010b9a8      0x14c /opt/devkitpro/devkitARM/lib/gcc/arm-none-eabi/8.3.0/../../../../arm-none-eabi/lib/armv6k/fpu/libg.a(lib_a-malignr.o)
                0x000000000010b9a8                _memalign_r
 .text.malloc   0x000000000010baf4       0x18 /opt/devkitpro/devkitARM/lib/gcc/arm-none-eabi/8.3.0/../../../../arm-none-eabi/lib/armv6k/fpu/libg.a(lib_a-malloc.o)
                0x000000000010baf4                malloc
 .text.free     0x000000000010bb0c       0x18 /opt/devkitpro/devkitARM/lib/gcc/arm-none-eabi/8.3.0/../../../../arm-none-eabi/lib/armv6k/fpu/libg.a(lib_a-malloc.o)
                0x000000000010bb0c                free
 .text._malloc_r
                0x000000000010bb24      0x7d8 /opt/devkitpro/devkitARM/lib/gcc/arm-none-eabi/8.3.0/../../../../arm-none-eabi/lib/armv6k/fpu/libg.a(lib_a-mallocr.o)
                0x000000000010bb24                _malloc_r
 .text.memchr   0x000000000010c2fc      0x100 /opt/devkitpro/devkitARM/lib/gcc/arm-none-eabi/8.3.0/../../../../arm-none-eabi/lib/armv6k/fpu/libg.a(lib_a-memchr-stub.o)
                0x000000000010c2fc                memchr
 .text.memcpy   0x000000000010c3fc      0x118 /opt/devkitpro/devkitARM/lib/gcc/arm-none-eabi/8.3.0/../../../../arm-none-eabi/lib/armv6k/fpu/libg.a(lib_a-memcpy-stub.o)
                0x000000000010c3fc                memcpy
 .text.memmove  0x000000000010c514      0x154 /opt/devkitpro/devkitARM/lib/gcc/arm-none-eabi/8.3.0/../../../../arm-none-eabi/lib/armv6k/fpu/libg.a(lib_a-memmove.o)
                0x000000000010c514                memmove
 .text.memset   0x000000000010c668      0x114 /opt/devkitpro/devkitARM/lib/gcc/arm-none-eabi/8.3.0/../../../../arm-none-eabi/lib/armv6k/fpu/libg.a(lib_a-memset.o)
                0x000000000010c668                memset
 .text.__malloc_lock
                0x000000000010c77c        0xc /opt/devkitpro/devkitARM/lib/gcc/arm-none-eabi/8.3.0/../../../../arm-none-eabi/lib/armv6k/fpu/libg.a(lib_a-mlock.o)
                0x000000000010c77c                __malloc_lock
 .text.__malloc_unlock
                0x000000000010c788        0xc /opt/devkitpro/devkitARM/lib/gcc/arm-none-eabi/8.3.0/../../../../arm-none-eabi/lib/armv6k/fpu/libg.a(lib_a-mlock.o)
                0x000000000010c788                __malloc_unlock
 .text.printf   0x000000000010c794       0x38 /opt/devkitpro/devkitARM/lib/gcc/arm-none-eabi/8.3.0/../../../../arm-none-eabi/lib/armv6k/fpu/libg.a(lib_a-printf.o)
                0x000000000010c794                printf
 .text._puts_r  0x000000000010c7cc       0xe0 /opt/devkitpro/devkitARM/lib/gcc/arm-none-eabi/8.3.0/../../../../arm-none-eabi/lib/armv6k/fpu/libg.a(lib_a-puts.o)
                0x000000000010c7cc                _puts_r
 .text.puts     0x000000000010c8ac       0x18 /opt/devkitpro/devkitARM/lib/gcc/arm-none-eabi/8.3.0/../../../../arm-none-eabi/lib/armv6k/fpu/libg.a(lib_a-puts.o)
                0x000000000010c8ac                puts
 .text.realloc  0x000000000010c8c4       0x20 /opt/devkitpro/devkitARM/lib/gcc/arm-none-eabi/8.3.0/../../../../arm-none-eabi/lib/armv6k/fpu/libg.a(lib_a-realloc.o)
                0x000000000010c8c4                realloc
 .text._realloc_r
                0x000000000010c8e4      0x4bc /opt/devkitpro/devkitARM/lib/gcc/arm-none-eabi/8.3.0/../../../../arm-none-eabi/lib/armv6k/fpu/libg.a(lib_a-reallocr.o)
                0x000000000010c8e4                _realloc_r
 .text.setvbuf  0x000000000010cda0      0x25c /opt/devkitpro/devkitARM/lib/gcc/arm-none-eabi/8.3.0/../../../../arm-none-eabi/lib/armv6k/fpu/libg.a(lib_a-setvbuf.o)
                0x000000000010cda0                setvbuf
 .text.snprintf
                0x000000000010cffc       0xd4 /opt/devkitpro/devkitARM/lib/gcc/arm-none-eabi/8.3.0/../../../../arm-none-eabi/lib/armv6k/fpu/libg.a(lib_a-snprintf.o)
                0x000000000010cffc                snprintf
 .text.sprintf  0x000000000010d0d0       0x64 /opt/devkitpro/devkitARM/lib/gcc/arm-none-eabi/8.3.0/../../../../arm-none-eabi/lib/armv6k/fpu/libg.a(lib_a-sprintf.o)
                0x000000000010d0d0                sprintf
 .text.sscanf   0x000000000010d134       0x74 /opt/devkitpro/devkitARM/lib/gcc/arm-none-eabi/8.3.0/../../../../arm-none-eabi/lib/armv6k/fpu/libg.a(lib_a-sscanf.o)
                0x000000000010d134                sscanf
 .text.__sread  0x000000000010d1a8       0x3c /opt/devkitpro/devkitARM/lib/gcc/arm-none-eabi/8.3.0/../../../../arm-none-eabi/lib/armv6k/fpu/libg.a(lib_a-stdio.o)
                0x000000000010d1a8                __sread
 .text.__seofread
                0x000000000010d1e4        0x8 /opt/devkitpro/devkitARM/lib/gcc/arm-none-eabi/8.3.0/../../../../arm-none-eabi/lib/armv6k/fpu/libg.a(lib_a-stdio.o)
                0x000000000010d1e4                __seofread
 .text.__swrite
                0x000000000010d1ec       0x68 /opt/devkitpro/devkitARM/lib/gcc/arm-none-eabi/8.3.0/../../../../arm-none-eabi/lib/armv6k/fpu/libg.a(lib_a-stdio.o)
                0x000000000010d1ec                __swrite
 .text.__sseek  0x000000000010d254       0x48 /opt/devkitpro/devkitARM/lib/gcc/arm-none-eabi/8.3.0/../../../../arm-none-eabi/lib/armv6k/fpu/libg.a(lib_a-stdio.o)
                0x000000000010d254                __sseek
 .text.__sclose
                0x000000000010d29c        0x8 /opt/devkitpro/devkitARM/lib/gcc/arm-none-eabi/8.3.0/../../../../arm-none-eabi/lib/armv6k/fpu/libg.a(lib_a-stdio.o)
                0x000000000010d29c                __sclose
 .text.strchr   0x000000000010d2a4      0x180 /opt/devkitpro/devkitARM/lib/gcc/arm-none-eabi/8.3.0/../../../../arm-none-eabi/lib/armv6k/fpu/libg.a(lib_a-strchr.o)
                0x000000000010d2a4                strchr
 .text.strcpy   0x000000000010d424       0xf0 /opt/devkitpro/devkitARM/lib/gcc/arm-none-eabi/8.3.0/../../../../arm-none-eabi/lib/armv6k/fpu/libg.a(lib_a-strcpy.o)
                0x000000000010d424                strcpy
 .text.strcspn  0x000000000010d514       0x60 /opt/devkitpro/devkitARM/lib/gcc/arm-none-eabi/8.3.0/../../../../arm-none-eabi/lib/armv6k/fpu/libg.a(lib_a-strcspn.o)
                0x000000000010d514                strcspn
 .text.strdup   0x000000000010d574       0x18 /opt/devkitpro/devkitARM/lib/gcc/arm-none-eabi/8.3.0/../../../../arm-none-eabi/lib/armv6k/fpu/libg.a(lib_a-strdup.o)
                0x000000000010d574                strdup
 .text._strdup_r
                0x000000000010d58c       0x40 /opt/devkitpro/devkitARM/lib/gcc/arm-none-eabi/8.3.0/../../../../arm-none-eabi/lib/armv6k/fpu/libg.a(lib_a-strdup_r.o)
                0x000000000010d58c                _strdup_r
 .text.strlen   0x000000000010d5cc       0x5c /opt/devkitpro/devkitARM/lib/gcc/arm-none-eabi/8.3.0/../../../../arm-none-eabi/lib/armv6k/fpu/libg.a(lib_a-strlen-stub.o)
                0x000000000010d5cc                strlen
 .text.strncat  0x000000000010d628       0x98 /opt/devkitpro/devkitARM/lib/gcc/arm-none-eabi/8.3.0/../../../../arm-none-eabi/lib/armv6k/fpu/libg.a(lib_a-strncat.o)
                0x000000000010d628                strncat
 .text.strncmp  0x000000000010d6c0      0x10c /opt/devkitpro/devkitARM/lib/gcc/arm-none-eabi/8.3.0/../../../../arm-none-eabi/lib/armv6k/fpu/libg.a(lib_a-strncmp.o)
                0x000000000010d6c0                strncmp
 .text.strncpy  0x000000000010d7cc       0xe0 /opt/devkitpro/devkitARM/lib/gcc/arm-none-eabi/8.3.0/../../../../arm-none-eabi/lib/armv6k/fpu/libg.a(lib_a-strncpy.o)
                0x000000000010d7cc                strncpy
 .text.strnlen  0x000000000010d8ac       0x5c /opt/devkitpro/devkitARM/lib/gcc/arm-none-eabi/8.3.0/../../../../arm-none-eabi/lib/armv6k/fpu/libg.a(lib_a-strnlen.o)
                0x000000000010d8ac                strnlen
 .text.strspn   0x000000000010d908       0x68 /opt/devkitpro/devkitARM/lib/gcc/arm-none-eabi/8.3.0/../../../../arm-none-eabi/lib/armv6k/fpu/libg.a(lib_a-strspn.o)
                0x000000000010d908                strspn
 .text.two_way_long_needle
                0x000000000010d970      0x494 /opt/devkitpro/devkitARM/lib/gcc/arm-none-eabi/8.3.0/../../../../arm-none-eabi/lib/armv6k/fpu/libg.a(lib_a-strstr.o)
 .text.strstr   0x000000000010de04      0x264 /opt/devkitpro/devkitARM/lib/gcc/arm-none-eabi/8.3.0/../../../../arm-none-eabi/lib/armv6k/fpu/libg.a(lib_a-strstr.o)
                0x000000000010de04                strstr
 .text._strtol_l.isra.0
                0x000000000010e068      0x1bc /opt/devkitpro/devkitARM/lib/gcc/arm-none-eabi/8.3.0/../../../../arm-none-eabi/lib/armv6k/fpu/libg.a(lib_a-strtol.o)
 .text._strtol_r
                0x000000000010e224        0x4 /opt/devkitpro/devkitARM/lib/gcc/arm-none-eabi/8.3.0/../../../../arm-none-eabi/lib/armv6k/fpu/libg.a(lib_a-strtol.o)
                0x000000000010e224                _strtol_r
 .text.strtol   0x000000000010e228       0x28 /opt/devkitpro/devkitARM/lib/gcc/arm-none-eabi/8.3.0/../../../../arm-none-eabi/lib/armv6k/fpu/libg.a(lib_a-strtol.o)
                0x000000000010e228                strtol
 .text.get_arg  0x000000000010e250      0x620 /opt/devkitpro/devkitARM/lib/gcc/arm-none-eabi/8.3.0/../../../../arm-none-eabi/lib/armv6k/fpu/libg.a(lib_a-svfprintf.o)
 .text._svfprintf_r
                0x000000000010e870     0x35c0 /opt/devkitpro/devkitARM/lib/gcc/arm-none-eabi/8.3.0/../../../../arm-none-eabi/lib/armv6k/fpu/libg.a(lib_a-svfprintf.o)
                0x000000000010e870                _svfprintf_r
 .text.get_arg  0x0000000000111e30       0x48 /opt/devkitpro/devkitARM/lib/gcc/arm-none-eabi/8.3.0/../../../../arm-none-eabi/lib/armv6k/fpu/libg.a(lib_a-svfscanf.o)
 .text.__ssvfscanf_r
                0x0000000000111e78     0x2acc /opt/devkitpro/devkitARM/lib/gcc/arm-none-eabi/8.3.0/../../../../arm-none-eabi/lib/armv6k/fpu/libg.a(lib_a-svfscanf.o)
                0x0000000000111e78                __ssvfscanf_r
 .text.__sprint_r
                0x0000000000114944       0x34 /opt/devkitpro/devkitARM/lib/gcc/arm-none-eabi/8.3.0/../../../../arm-none-eabi/lib/armv6k/fpu/libg.a(lib_a-vfiprintf.o)
                0x0000000000114944                __sprint_r
 .text.get_arg  0x0000000000114978      0x620 /opt/devkitpro/devkitARM/lib/gcc/arm-none-eabi/8.3.0/../../../../arm-none-eabi/lib/armv6k/fpu/libg.a(lib_a-vfprintf.o)
 .text._vfprintf_r
                0x0000000000114f98     0x373c /opt/devkitpro/devkitARM/lib/gcc/arm-none-eabi/8.3.0/../../../../arm-none-eabi/lib/armv6k/fpu/libg.a(lib_a-vfprintf.o)
                0x0000000000114f98                _vfprintf_r
 .text.__sbprintf
                0x00000000001186d4       0xd0 /opt/devkitpro/devkitARM/lib/gcc/arm-none-eabi/8.3.0/../../../../arm-none-eabi/lib/armv6k/fpu/libg.a(lib_a-vfprintf.o)
 .text._vsnprintf_r
                0x00000000001187a4       0xa4 /opt/devkitpro/devkitARM/lib/gcc/arm-none-eabi/8.3.0/../../../../arm-none-eabi/lib/armv6k/fpu/libg.a(lib_a-vsnprintf.o)
                0x00000000001187a4                _vsnprintf_r
 .text.vsnprintf
                0x0000000000118848       0x38 /opt/devkitpro/devkitARM/lib/gcc/arm-none-eabi/8.3.0/../../../../arm-none-eabi/lib/armv6k/fpu/libg.a(lib_a-vsnprintf.o)
                0x0000000000118848                vsnprintf
 .text._wcrtomb_r
                0x0000000000118880       0x54 /opt/devkitpro/devkitARM/lib/gcc/arm-none-eabi/8.3.0/../../../../arm-none-eabi/lib/armv6k/fpu/libg.a(lib_a-wcrtomb.o)
                0x0000000000118880                _wcrtomb_r
 .text._wcsrtombs_r
                0x00000000001188d4       0x20 /opt/devkitpro/devkitARM/lib/gcc/arm-none-eabi/8.3.0/../../../../arm-none-eabi/lib/armv6k/fpu/libg.a(lib_a-wcsrtombs.o)
                0x00000000001188d4                _wcsrtombs_r
 .text.__swsetup_r
                0x00000000001188f4      0x150 /opt/devkitpro/devkitARM/lib/gcc/arm-none-eabi/8.3.0/../../../../arm-none-eabi/lib/armv6k/fpu/libg.a(lib_a-wsetup.o)
                0x00000000001188f4                __swsetup_r
 .text.quorem   0x0000000000118a44      0x1c8 /opt/devkitpro/devkitARM/lib/gcc/arm-none-eabi/8.3.0/../../../../arm-none-eabi/lib/armv6k/fpu/libg.a(lib_a-dtoa.o)
 *fill*         0x0000000000118c0c        0x4 
 .text._dtoa_r  0x0000000000118c10     0x12ec /opt/devkitpro/devkitARM/lib/gcc/arm-none-eabi/8.3.0/../../../../arm-none-eabi/lib/armv6k/fpu/libg.a(lib_a-dtoa.o)
                0x0000000000118c10                _dtoa_r
 .text.__sflush_r
                0x0000000000119efc      0x270 /opt/devkitpro/devkitARM/lib/gcc/arm-none-eabi/8.3.0/../../../../arm-none-eabi/lib/armv6k/fpu/libg.a(lib_a-fflush.o)
                0x0000000000119efc                __sflush_r
 .text._fflush_r
                0x000000000011a16c       0x94 /opt/devkitpro/devkitARM/lib/gcc/arm-none-eabi/8.3.0/../../../../arm-none-eabi/lib/armv6k/fpu/libg.a(lib_a-fflush.o)
                0x000000000011a16c                _fflush_r
 .text.std      0x000000000011a200       0x78 /opt/devkitpro/devkitARM/lib/gcc/arm-none-eabi/8.3.0/../../../../arm-none-eabi/lib/armv6k/fpu/libg.a(lib_a-findfp.o)
 .text._cleanup_r
                0x000000000011a278        0xc /opt/devkitpro/devkitARM/lib/gcc/arm-none-eabi/8.3.0/../../../../arm-none-eabi/lib/armv6k/fpu/libg.a(lib_a-findfp.o)
                0x000000000011a278                _cleanup_r
 .text.__sinit  0x000000000011a284       0x8c /opt/devkitpro/devkitARM/lib/gcc/arm-none-eabi/8.3.0/../../../../arm-none-eabi/lib/armv6k/fpu/libg.a(lib_a-findfp.o)
                0x000000000011a284                __sinit
 .text.__sfp_lock_acquire
                0x000000000011a310        0xc /opt/devkitpro/devkitARM/lib/gcc/arm-none-eabi/8.3.0/../../../../arm-none-eabi/lib/armv6k/fpu/libg.a(lib_a-findfp.o)
                0x000000000011a310                __sfp_lock_acquire
 .text.__sfp_lock_release
                0x000000000011a31c        0xc /opt/devkitpro/devkitARM/lib/gcc/arm-none-eabi/8.3.0/../../../../arm-none-eabi/lib/armv6k/fpu/libg.a(lib_a-findfp.o)
                0x000000000011a31c                __sfp_lock_release
 .text.__sfvwrite_r
                0x000000000011a328      0x4a4 /opt/devkitpro/devkitARM/lib/gcc/arm-none-eabi/8.3.0/../../../../arm-none-eabi/lib/armv6k/fpu/libg.a(lib_a-fvwrite.o)
                0x000000000011a328                __sfvwrite_r
 .text._fwalk_reent
                0x000000000011a7cc       0x80 /opt/devkitpro/devkitARM/lib/gcc/arm-none-eabi/8.3.0/../../../../arm-none-eabi/lib/armv6k/fpu/libg.a(lib_a-fwalk.o)
                0x000000000011a7cc                _fwalk_reent
 .text.iswspace
                0x000000000011a84c        0x8 /opt/devkitpro/devkitARM/lib/gcc/arm-none-eabi/8.3.0/../../../../arm-none-eabi/lib/armv6k/fpu/libg.a(lib_a-iswspace.o)
                0x000000000011a84c                iswspace
 .text._localeconv_r
                0x000000000011a854        0xc /opt/devkitpro/devkitARM/lib/gcc/arm-none-eabi/8.3.0/../../../../arm-none-eabi/lib/armv6k/fpu/libg.a(lib_a-localeconv.o)
                0x000000000011a854                _localeconv_r
 .text.__locale_mb_cur_max
                0x000000000011a860       0x10 /opt/devkitpro/devkitARM/lib/gcc/arm-none-eabi/8.3.0/../../../../arm-none-eabi/lib/armv6k/fpu/libg.a(lib_a-locale.o)
                0x000000000011a860                __locale_mb_cur_max
 .text.__swhatbuf_r
                0x000000000011a870       0x94 /opt/devkitpro/devkitARM/lib/gcc/arm-none-eabi/8.3.0/../../../../arm-none-eabi/lib/armv6k/fpu/libg.a(lib_a-makebuf.o)
                0x000000000011a870                __swhatbuf_r
 .text.__smakebuf_r
                0x000000000011a904       0xf4 /opt/devkitpro/devkitARM/lib/gcc/arm-none-eabi/8.3.0/../../../../arm-none-eabi/lib/armv6k/fpu/libg.a(lib_a-makebuf.o)
                0x000000000011a904                __smakebuf_r
 .text._mbrtowc_r
                0x000000000011a9f8       0x60 /opt/devkitpro/devkitARM/lib/gcc/arm-none-eabi/8.3.0/../../../../arm-none-eabi/lib/armv6k/fpu/libg.a(lib_a-mbrtowc.o)
                0x000000000011a9f8                _mbrtowc_r
 .text.__utf8_mbtowc
                0x000000000011aa58      0x2fc /opt/devkitpro/devkitARM/lib/gcc/arm-none-eabi/8.3.0/../../../../arm-none-eabi/lib/armv6k/fpu/libg.a(lib_a-mbtowc_r.o)
                0x000000000011aa58                __utf8_mbtowc
 .text.memcmp   0x000000000011ad54       0xfc /opt/devkitpro/devkitARM/lib/gcc/arm-none-eabi/8.3.0/../../../../arm-none-eabi/lib/armv6k/fpu/libg.a(lib_a-memcmp.o)
                0x000000000011ad54                memcmp
 .text._Balloc  0x000000000011ae50       0x88 /opt/devkitpro/devkitARM/lib/gcc/arm-none-eabi/8.3.0/../../../../arm-none-eabi/lib/armv6k/fpu/libg.a(lib_a-mprec.o)
                0x000000000011ae50                _Balloc
 .text._Bfree   0x000000000011aed8       0x1c /opt/devkitpro/devkitARM/lib/gcc/arm-none-eabi/8.3.0/../../../../arm-none-eabi/lib/armv6k/fpu/libg.a(lib_a-mprec.o)
                0x000000000011aed8                _Bfree
 .text.__multadd
                0x000000000011aef4       0xe0 /opt/devkitpro/devkitARM/lib/gcc/arm-none-eabi/8.3.0/../../../../arm-none-eabi/lib/armv6k/fpu/libg.a(lib_a-mprec.o)
                0x000000000011aef4                __multadd
 .text.__s2b    0x000000000011afd4       0xe4 /opt/devkitpro/devkitARM/lib/gcc/arm-none-eabi/8.3.0/../../../../arm-none-eabi/lib/armv6k/fpu/libg.a(lib_a-mprec.o)
                0x000000000011afd4                __s2b
 .text.__hi0bits
                0x000000000011b0b8       0x58 /opt/devkitpro/devkitARM/lib/gcc/arm-none-eabi/8.3.0/../../../../arm-none-eabi/lib/armv6k/fpu/libg.a(lib_a-mprec.o)
                0x000000000011b0b8                __hi0bits
 .text.__lo0bits
                0x000000000011b110       0x9c /opt/devkitpro/devkitARM/lib/gcc/arm-none-eabi/8.3.0/../../../../arm-none-eabi/lib/armv6k/fpu/libg.a(lib_a-mprec.o)
                0x000000000011b110                __lo0bits
 .text.__i2b    0x000000000011b1ac       0x20 /opt/devkitpro/devkitARM/lib/gcc/arm-none-eabi/8.3.0/../../../../arm-none-eabi/lib/armv6k/fpu/libg.a(lib_a-mprec.o)
                0x000000000011b1ac                __i2b
 .text.__multiply
                0x000000000011b1cc      0x1c4 /opt/devkitpro/devkitARM/lib/gcc/arm-none-eabi/8.3.0/../../../../arm-none-eabi/lib/armv6k/fpu/libg.a(lib_a-mprec.o)
                0x000000000011b1cc                __multiply
 .text.__pow5mult
                0x000000000011b390      0x100 /opt/devkitpro/devkitARM/lib/gcc/arm-none-eabi/8.3.0/../../../../arm-none-eabi/lib/armv6k/fpu/libg.a(lib_a-mprec.o)
                0x000000000011b390                __pow5mult
 .text.__lshift
                0x000000000011b490       0xf4 /opt/devkitpro/devkitARM/lib/gcc/arm-none-eabi/8.3.0/../../../../arm-none-eabi/lib/armv6k/fpu/libg.a(lib_a-mprec.o)
                0x000000000011b490                __lshift
 .text.__mcmp   0x000000000011b584       0x5c /opt/devkitpro/devkitARM/lib/gcc/arm-none-eabi/8.3.0/../../../../arm-none-eabi/lib/armv6k/fpu/libg.a(lib_a-mprec.o)
                0x000000000011b584                __mcmp
 .text.__mdiff  0x000000000011b5e0      0x168 /opt/devkitpro/devkitARM/lib/gcc/arm-none-eabi/8.3.0/../../../../arm-none-eabi/lib/armv6k/fpu/libg.a(lib_a-mprec.o)
                0x000000000011b5e0                __mdiff
 .text.__ulp    0x000000000011b748       0x74 /opt/devkitpro/devkitARM/lib/gcc/arm-none-eabi/8.3.0/../../../../arm-none-eabi/lib/armv6k/fpu/libg.a(lib_a-mprec.o)
                0x000000000011b748                __ulp
 .text.__b2d    0x000000000011b7bc       0xd4 /opt/devkitpro/devkitARM/lib/gcc/arm-none-eabi/8.3.0/../../../../arm-none-eabi/lib/armv6k/fpu/libg.a(lib_a-mprec.o)
                0x000000000011b7bc                __b2d
 .text.__d2b    0x000000000011b890      0x100 /opt/devkitpro/devkitARM/lib/gcc/arm-none-eabi/8.3.0/../../../../arm-none-eabi/lib/armv6k/fpu/libg.a(lib_a-mprec.o)
                0x000000000011b890                __d2b
 .text.__ratio  0x000000000011b990       0x84 /opt/devkitpro/devkitARM/lib/gcc/arm-none-eabi/8.3.0/../../../../arm-none-eabi/lib/armv6k/fpu/libg.a(lib_a-mprec.o)
                0x000000000011b990                __ratio
 .text.__copybits
                0x000000000011ba14       0x6c /opt/devkitpro/devkitARM/lib/gcc/arm-none-eabi/8.3.0/../../../../arm-none-eabi/lib/armv6k/fpu/libg.a(lib_a-mprec.o)
                0x000000000011ba14                __copybits
 .text.__any_on
                0x000000000011ba80       0x78 /opt/devkitpro/devkitARM/lib/gcc/arm-none-eabi/8.3.0/../../../../arm-none-eabi/lib/armv6k/fpu/libg.a(lib_a-mprec.o)
                0x000000000011ba80                __any_on
 .text.__sccl   0x000000000011baf8       0xcc /opt/devkitpro/devkitARM/lib/gcc/arm-none-eabi/8.3.0/../../../../arm-none-eabi/lib/armv6k/fpu/libg.a(lib_a-sccl.o)
                0x000000000011baf8                __sccl
 .text.nanf     0x000000000011bbc4        0xc /opt/devkitpro/devkitARM/lib/gcc/arm-none-eabi/8.3.0/../../../../arm-none-eabi/lib/armv6k/fpu/libg.a(lib_a-sf_nan.o)
                0x000000000011bbc4                nanf
 .text.frexp    0x000000000011bbd0       0xa8 /opt/devkitpro/devkitARM/lib/gcc/arm-none-eabi/8.3.0/../../../../arm-none-eabi/lib/armv6k/fpu/libg.a(lib_a-s_frexp.o)
                0x000000000011bbd0                frexp
 .text.stpncpy  0x000000000011bc78      0x100 /opt/devkitpro/devkitARM/lib/gcc/arm-none-eabi/8.3.0/../../../../arm-none-eabi/lib/armv6k/fpu/libg.a(lib_a-stpncpy.o)
                0x000000000011bc78                stpncpy
 .text.sulp     0x000000000011bd78       0x54 /opt/devkitpro/devkitARM/lib/gcc/arm-none-eabi/8.3.0/../../../../arm-none-eabi/lib/armv6k/fpu/libg.a(lib_a-strtod.o)
 *fill*         0x000000000011bdcc        0x4 
 .text._strtod_l
                0x000000000011bdd0     0x13c4 /opt/devkitpro/devkitARM/lib/gcc/arm-none-eabi/8.3.0/../../../../arm-none-eabi/lib/armv6k/fpu/libg.a(lib_a-strtod.o)
                0x000000000011bdd0                _strtod_l
 .text._strtod_r
                0x000000000011d194        0xc /opt/devkitpro/devkitARM/lib/gcc/arm-none-eabi/8.3.0/../../../../arm-none-eabi/lib/armv6k/fpu/libg.a(lib_a-strtod.o)
                0x000000000011d194                _strtod_r
 .text._strtoll_l.isra.0
                0x000000000011d1a0      0x25c /opt/devkitpro/devkitARM/lib/gcc/arm-none-eabi/8.3.0/../../../../arm-none-eabi/lib/armv6k/fpu/libg.a(lib_a-strtoll.o)
 .text._strtoll_r
                0x000000000011d3fc        0x4 /opt/devkitpro/devkitARM/lib/gcc/arm-none-eabi/8.3.0/../../../../arm-none-eabi/lib/armv6k/fpu/libg.a(lib_a-strtoll.o)
                0x000000000011d3fc                _strtoll_r
 .text._strtoull_l.isra.0
                0x000000000011d400      0x25c /opt/devkitpro/devkitARM/lib/gcc/arm-none-eabi/8.3.0/../../../../arm-none-eabi/lib/armv6k/fpu/libg.a(lib_a-strtoull.o)
 .text._strtoull_r
                0x000000000011d65c        0x4 /opt/devkitpro/devkitARM/lib/gcc/arm-none-eabi/8.3.0/../../../../arm-none-eabi/lib/armv6k/fpu/libg.a(lib_a-strtoull.o)
                0x000000000011d65c                _strtoull_r
 .text._strtoul_l.isra.0
                0x000000000011d660      0x1d0 /opt/devkitpro/devkitARM/lib/gcc/arm-none-eabi/8.3.0/../../../../arm-none-eabi/lib/armv6k/fpu/libg.a(lib_a-strtoul.o)
 .text._strtoul_r
                0x000000000011d830        0x4 /opt/devkitpro/devkitARM/lib/gcc/arm-none-eabi/8.3.0/../../../../arm-none-eabi/lib/armv6k/fpu/libg.a(lib_a-strtoul.o)
                0x000000000011d830                _strtoul_r
 .text.__ssprint_r
                0x000000000011d834      0x188 /opt/devkitpro/devkitARM/lib/gcc/arm-none-eabi/8.3.0/../../../../arm-none-eabi/lib/armv6k/fpu/libg.a(lib_a-svfiprintf.o)
                0x000000000011d834                __ssprint_r
 .text._sungetc_r
                0x000000000011d9bc       0xe4 /opt/devkitpro/devkitARM/lib/gcc/arm-none-eabi/8.3.0/../../../../arm-none-eabi/lib/armv6k/fpu/libg.a(lib_a-svfiscanf.o)
                0x000000000011d9bc                _sungetc_r
 .text.__ssrefill_r
                0x000000000011daa0       0x6c /opt/devkitpro/devkitARM/lib/gcc/arm-none-eabi/8.3.0/../../../../arm-none-eabi/lib/armv6k/fpu/libg.a(lib_a-svfiscanf.o)
                0x000000000011daa0                __ssrefill_r
 .text._sfread_r
                0x000000000011db0c       0xc8 /opt/devkitpro/devkitARM/lib/gcc/arm-none-eabi/8.3.0/../../../../arm-none-eabi/lib/armv6k/fpu/libg.a(lib_a-svfiscanf.o)
                0x000000000011db0c                _sfread_r
 .text.__submore
                0x000000000011dbd4       0xa4 /opt/devkitpro/devkitARM/lib/gcc/arm-none-eabi/8.3.0/../../../../arm-none-eabi/lib/armv6k/fpu/libg.a(lib_a-ungetc.o)
                0x000000000011dbd4                __submore
 .text._wcsnrtombs_l
                0x000000000011dc78      0x184 /opt/devkitpro/devkitARM/lib/gcc/arm-none-eabi/8.3.0/../../../../arm-none-eabi/lib/armv6k/fpu/libg.a(lib_a-wcsnrtombs.o)
                0x000000000011dc78                _wcsnrtombs_l
 .text._wcsnrtombs_r
                0x000000000011ddfc       0x4c /opt/devkitpro/devkitARM/lib/gcc/arm-none-eabi/8.3.0/../../../../arm-none-eabi/lib/armv6k/fpu/libg.a(lib_a-wcsnrtombs.o)
                0x000000000011ddfc                _wcsnrtombs_r
 .text.__utf8_wctomb
                0x000000000011de48       0xe8 /opt/devkitpro/devkitARM/lib/gcc/arm-none-eabi/8.3.0/../../../../arm-none-eabi/lib/armv6k/fpu/libg.a(lib_a-wctomb_r.o)
                0x000000000011de48                __utf8_wctomb
 .text._fclose_r
                0x000000000011df30      0x160 /opt/devkitpro/devkitARM/lib/gcc/arm-none-eabi/8.3.0/../../../../arm-none-eabi/lib/armv6k/fpu/libg.a(lib_a-fclose.o)
                0x000000000011df30                _fclose_r
 .text.rshift   0x000000000011e090       0xec /opt/devkitpro/devkitARM/lib/gcc/arm-none-eabi/8.3.0/../../../../arm-none-eabi/lib/armv6k/fpu/libg.a(lib_a-gdtoa-gethex.o)
 .text.__gethex
                0x000000000011e17c      0x828 /opt/devkitpro/devkitARM/lib/gcc/arm-none-eabi/8.3.0/../../../../arm-none-eabi/lib/armv6k/fpu/libg.a(lib_a-gdtoa-gethex.o)
                0x000000000011e17c                __gethex
 .text.__match  0x000000000011e9a4       0x60 /opt/devkitpro/devkitARM/lib/gcc/arm-none-eabi/8.3.0/../../../../arm-none-eabi/lib/armv6k/fpu/libg.a(lib_a-gdtoa-hexnan.o)
                0x000000000011e9a4                __match
 .text.__hexnan
                0x000000000011ea04      0x254 /opt/devkitpro/devkitARM/lib/gcc/arm-none-eabi/8.3.0/../../../../arm-none-eabi/lib/armv6k/fpu/libg.a(lib_a-gdtoa-hexnan.o)
                0x000000000011ea04                __hexnan
 .text.iswspace_l
                0x000000000011ec58       0x3c /opt/devkitpro/devkitARM/lib/gcc/arm-none-eabi/8.3.0/../../../../arm-none-eabi/lib/armv6k/fpu/libg.a(lib_a-iswspace_l.o)
                0x000000000011ec58                iswspace_l
 .text.__jp2uc  0x000000000011ec94      0x1e0 /opt/devkitpro/devkitARM/lib/gcc/arm-none-eabi/8.3.0/../../../../arm-none-eabi/lib/armv6k/fpu/libg.a(lib_a-jp2uc.o)
 .text._jp2uc_l
                0x000000000011ee74       0x94 /opt/devkitpro/devkitARM/lib/gcc/arm-none-eabi/8.3.0/../../../../arm-none-eabi/lib/armv6k/fpu/libg.a(lib_a-jp2uc.o)
                0x000000000011ee74                _jp2uc_l
 .text.nan      0x000000000011ef08       0x10 /opt/devkitpro/devkitARM/lib/gcc/arm-none-eabi/8.3.0/../../../../arm-none-eabi/lib/armv6k/fpu/libg.a(lib_a-s_nan.o)
                0x000000000011ef08                nan
 .text.category
                0x000000000011ef18       0x84 /opt/devkitpro/devkitARM/lib/gcc/arm-none-eabi/8.3.0/../../../../arm-none-eabi/lib/armv6k/fpu/libg.a(lib_a-categories.o)
                0x000000000011ef18                category
 .text.null_write
                0x000000000011ef9c        0x8 /opt/devkitpro/devkitARM/lib/gcc/arm-none-eabi/8.3.0/../../../../arm-none-eabi/lib/armv6k/fpu/libsysbase.a(iosupport.o)
 .text.setDefaultDevice
                0x000000000011efa4       0x18 /opt/devkitpro/devkitARM/lib/gcc/arm-none-eabi/8.3.0/../../../../arm-none-eabi/lib/armv6k/fpu/libsysbase.a(iosupport.o)
                0x000000000011efa4                setDefaultDevice
 .text.FindDevice
                0x000000000011efbc       0xc8 /opt/devkitpro/devkitARM/lib/gcc/arm-none-eabi/8.3.0/../../../../arm-none-eabi/lib/armv6k/fpu/libsysbase.a(iosupport.o)
                0x000000000011efbc                FindDevice
 .text.RemoveDevice
                0x000000000011f084       0x28 /opt/devkitpro/devkitARM/lib/gcc/arm-none-eabi/8.3.0/../../../../arm-none-eabi/lib/armv6k/fpu/libsysbase.a(iosupport.o)
                0x000000000011f084                RemoveDevice
 .text.AddDevice
                0x000000000011f0ac       0x9c /opt/devkitpro/devkitARM/lib/gcc/arm-none-eabi/8.3.0/../../../../arm-none-eabi/lib/armv6k/fpu/libsysbase.a(iosupport.o)
                0x000000000011f0ac                AddDevice
 .text._close_r
                0x000000000011f148       0x84 /opt/devkitpro/devkitARM/lib/gcc/arm-none-eabi/8.3.0/../../../../arm-none-eabi/lib/armv6k/fpu/libsysbase.a(close.o)
                0x000000000011f148                _close_r
 .text._fstat_r
                0x000000000011f1cc       0x74 /opt/devkitpro/devkitARM/lib/gcc/arm-none-eabi/8.3.0/../../../../arm-none-eabi/lib/armv6k/fpu/libsysbase.a(fstat.o)
                0x000000000011f1cc                _fstat_r
 .text._isatty_r
                0x000000000011f240        0x8 /opt/devkitpro/devkitARM/lib/gcc/arm-none-eabi/8.3.0/../../../../arm-none-eabi/lib/armv6k/fpu/libsysbase.a(isatty.o)
                0x000000000011f240                _isatty_r
 .text._lseek_r
                0x000000000011f248       0x84 /opt/devkitpro/devkitARM/lib/gcc/arm-none-eabi/8.3.0/../../../../arm-none-eabi/lib/armv6k/fpu/libsysbase.a(lseek.o)
                0x000000000011f248                _lseek_r
 .text._read_r  0x000000000011f2cc       0x80 /opt/devkitpro/devkitARM/lib/gcc/arm-none-eabi/8.3.0/../../../../arm-none-eabi/lib/armv6k/fpu/libsysbase.a(read.o)
                0x000000000011f2cc                _read_r
 .text._sbrk_r  0x000000000011f34c       0x70 /opt/devkitpro/devkitARM/lib/gcc/arm-none-eabi/8.3.0/../../../../arm-none-eabi/lib/armv6k/fpu/libsysbase.a(sbrk.o)
                0x000000000011f34c                _sbrk_r
 .text._write_r
                0x000000000011f3bc       0x80 /opt/devkitpro/devkitARM/lib/gcc/arm-none-eabi/8.3.0/../../../../arm-none-eabi/lib/armv6k/fpu/libsysbase.a(write.o)
                0x000000000011f3bc                _write_r
 .text._concatenate_path
                0x000000000011f43c      0x1cc /opt/devkitpro/devkitARM/lib/gcc/arm-none-eabi/8.3.0/../../../../arm-none-eabi/lib/armv6k/fpu/libsysbase.a(chdir.o)
                0x000000000011f43c                _concatenate_path
 .text.chdir    0x000000000011f608      0x15c /opt/devkitpro/devkitARM/lib/gcc/arm-none-eabi/8.3.0/../../../../arm-none-eabi/lib/armv6k/fpu/libsysbase.a(chdir.o)
                0x000000000011f608                chdir
 .text.__flockfile
                0x000000000011f764        0x8 /opt/devkitpro/devkitARM/lib/gcc/arm-none-eabi/8.3.0/../../../../arm-none-eabi/lib/armv6k/fpu/libsysbase.a(flock.o)
                0x000000000011f764                __flockfile
 .text.__funlockfile
                0x000000000011f76c        0x8 /opt/devkitpro/devkitARM/lib/gcc/arm-none-eabi/8.3.0/../../../../arm-none-eabi/lib/armv6k/fpu/libsysbase.a(flock.o)
                0x000000000011f76c                __funlockfile
 .text.__libc_lock_acquire
                0x000000000011f774       0x18 /opt/devkitpro/devkitARM/lib/gcc/arm-none-eabi/8.3.0/../../../../arm-none-eabi/lib/armv6k/fpu/libsysbase.a(syscall_support.o)
                0x000000000011f774                __libc_lock_acquire
 .text.__libc_lock_release
                0x000000000011f78c       0x18 /opt/devkitpro/devkitARM/lib/gcc/arm-none-eabi/8.3.0/../../../../arm-none-eabi/lib/armv6k/fpu/libsysbase.a(syscall_support.o)
                0x000000000011f78c                __libc_lock_release
 .text.__libc_lock_init_recursive
                0x000000000011f7a4       0x18 /opt/devkitpro/devkitARM/lib/gcc/arm-none-eabi/8.3.0/../../../../arm-none-eabi/lib/armv6k/fpu/libsysbase.a(syscall_support.o)
                0x000000000011f7a4                __libc_lock_init_recursive
 .text.__libc_lock_acquire_recursive
                0x000000000011f7bc       0x18 /opt/devkitpro/devkitARM/lib/gcc/arm-none-eabi/8.3.0/../../../../arm-none-eabi/lib/armv6k/fpu/libsysbase.a(syscall_support.o)
                0x000000000011f7bc                __libc_lock_acquire_recursive
 .text.__libc_lock_release_recursive
                0x000000000011f7d4       0x18 /opt/devkitpro/devkitARM/lib/gcc/arm-none-eabi/8.3.0/../../../../arm-none-eabi/lib/armv6k/fpu/libsysbase.a(syscall_support.o)
                0x000000000011f7d4                __libc_lock_release_recursive
 .text.__libc_lock_close_recursive
                0x000000000011f7ec       0x18 /opt/devkitpro/devkitARM/lib/gcc/arm-none-eabi/8.3.0/../../../../arm-none-eabi/lib/armv6k/fpu/libsysbase.a(syscall_support.o)
                0x000000000011f7ec                __libc_lock_close_recursive
 .text.__release_handle
                0x000000000011f804       0x8c /opt/devkitpro/devkitARM/lib/gcc/arm-none-eabi/8.3.0/../../../../arm-none-eabi/lib/armv6k/fpu/libsysbase.a(handle_manager.o)
                0x000000000011f804                __release_handle
 .text.__get_handle
                0x000000000011f890       0x18 /opt/devkitpro/devkitARM/lib/gcc/arm-none-eabi/8.3.0/../../../../arm-none-eabi/lib/armv6k/fpu/libsysbase.a(handle_manager.o)
                0x000000000011f890                __get_handle
 .text.__getreent
                0x000000000011f8a8       0x28 /opt/devkitpro/devkitARM/lib/gcc/arm-none-eabi/8.3.0/../../../../arm-none-eabi/lib/armv6k/fpu/libsysbase.a(getreent.o)
                0x000000000011f8a8                __getreent
 .text.strrchr  0x000000000011f8d0       0x44 /opt/devkitpro/devkitARM/lib/gcc/arm-none-eabi/8.3.0/../../../../arm-none-eabi/lib/armv6k/fpu/libg.a(lib_a-strrchr.o)
                0x000000000011f8d0                strrchr
 *(.glue_7)
 .glue_7        0x000000000011f914        0x0 linker stubs
 *(.glue_7t)
 .glue_7t       0x000000000011f914        0x0 linker stubs
 *(.stub)
 *(.gnu.warning)
 *(.gnu.linkonce.t*)
                0x000000000011f914                . = ALIGN (0x4)
 *(.fini)
 .fini          0x000000000011f914        0xc /opt/devkitpro/devkitARM/lib/gcc/arm-none-eabi/8.3.0/armv6k/fpu/crti.o
                0x000000000011f914                _fini
 .fini          0x000000000011f920        0xc /opt/devkitpro/devkitARM/lib/gcc/arm-none-eabi/8.3.0/armv6k/fpu/crtn.o
                0x000000000011f92c                . = ALIGN (0x4)

.vfp11_veneer   0x000000000011f92c        0x0
 .vfp11_veneer  0x000000000011f92c        0x0 linker stubs

.v4_bx          0x000000000011f92c        0x0
 .v4_bx         0x000000000011f92c        0x0 linker stubs

.iplt           0x000000000011f92c        0x0
 .iplt          0x000000000011f92c        0x0 /opt/devkitpro/devkitARM/lib/gcc/arm-none-eabi/8.3.0/../../../../arm-none-eabi/lib/armv6k/fpu/3dsx_crt0.o
                0x0000000000120000                . = ALIGN (0x1000)

.rodata         0x0000000000120000     0x7bd8
 *(.rodata)
 .rodata        0x0000000000120000       0x2c ezxml.o
 .rodata        0x000000000012002c      0x804 /opt/devkitpro/libctru/lib/libctru.a(default_font.bin.o)
                0x000000000012002c                default_font_bin
                0x000000000012082c                default_font_bin_end
                0x000000000012082c                default_font_bin_size
 .rodata        0x0000000000120830        0xc /opt/devkitpro/libctru/lib/libctru.a(sdmc_dev.o)
 *(.roda)
 *(.rodata.*)
 .rodata.str1.4
                0x000000000012083c      0x2b6 ezxml.o
                                        0x2c6 (size before relaxing)
 *fill*         0x0000000000120af2        0x2 
 .rodata.str1.4
                0x0000000000120af4      0x2d5 main.o
 *fill*         0x0000000000120dc9        0x3 
 .rodata.colorTable
                0x0000000000120dcc       0x30 /opt/devkitpro/libctru/lib/libctru.a(console.o)
 .rodata.con_write.str1.4
                0x0000000000120dfc       0x52 /opt/devkitpro/libctru/lib/libctru.a(console.o)
 *fill*         0x0000000000120e4e        0x2 
 .rodata.dotab_stdout
                0x0000000000120e50       0x70 /opt/devkitpro/libctru/lib/libctru.a(console.o)
 .rodata.str1.4
                0x0000000000120ec0       0x10 /opt/devkitpro/libctru/lib/libctru.a(console.o)
 .rodata.CSWTCH.56
                0x0000000000120ed0       0x14 /opt/devkitpro/libctru/lib/libctru.a(gfx.o)
 .rodata.framebufferInfoSt
                0x0000000000120ee4        0x8 /opt/devkitpro/libctru/lib/libctru.a(gfx.o)
 .rodata.gspInit.str1.4
                0x0000000000120eec        0x9 /opt/devkitpro/libctru/lib/libctru.a(gspgpu.o)
 *fill*         0x0000000000120ef5        0x3 
 .rodata.aptSendCommand.str1.4
                0x0000000000120ef8       0x16 /opt/devkitpro/libctru/lib/libctru.a(apt.o)
 *fill*         0x0000000000120f0e        0x2 
 .rodata.hidInit.str1.4
                0x0000000000120f10       0x15 /opt/devkitpro/libctru/lib/libctru.a(hid.o)
 *fill*         0x0000000000120f25        0x3 
 .rodata.httpcInit.str1.4
                0x0000000000120f28        0x7 /opt/devkitpro/libctru/lib/libctru.a(httpc.o)
 *fill*         0x0000000000120f2f        0x1 
 .rodata.srvInit.str1.4
                0x0000000000120f30        0x5 /opt/devkitpro/libctru/lib/libctru.a(srv.o)
 *fill*         0x0000000000120f35        0x3 
 .rodata.irrstInit.str1.4
                0x0000000000120f38        0x7 /opt/devkitpro/libctru/lib/libctru.a(irrst.o)
 *fill*         0x0000000000120f3f        0x1 
 .rodata.ptmSysmInit.str1.4
                0x0000000000120f40        0x9 /opt/devkitpro/libctru/lib/libctru.a(ptmsysm.o)
 *fill*         0x0000000000120f49        0x3 
 .rodata.error_table
                0x0000000000120f4c       0x30 /opt/devkitpro/libctru/lib/libctru.a(sdmc_dev.o)
 .rodata.sdmcExit.str1.4
                0x0000000000120f7c        0x6 /opt/devkitpro/libctru/lib/libctru.a(sdmc_dev.o)
 *fill*         0x0000000000120f82        0x2 
 .rodata.str1.4
                0x0000000000120f84        0x5 /opt/devkitpro/libctru/lib/libctru.a(sdmc_dev.o)
                                          0x9 (size before relaxing)
 *fill*         0x0000000000120f89        0x3 
 .rodata.fsInit.str1.4
                0x0000000000120f8c        0x8 /opt/devkitpro/libctru/lib/libctru.a(fs.o)
 .rodata._ctype_
                0x0000000000120f94      0x101 /opt/devkitpro/devkitARM/lib/gcc/arm-none-eabi/8.3.0/../../../../arm-none-eabi/lib/armv6k/fpu/libg.a(lib_a-ctype_.o)
                0x0000000000120f94                _ctype_
 .rodata._puts_r.str1.4
                0x0000000000121095        0x2 /opt/devkitpro/devkitARM/lib/gcc/arm-none-eabi/8.3.0/../../../../arm-none-eabi/lib/armv6k/fpu/libg.a(lib_a-puts.o)
 .rodata._svfprintf_r.str1.1
                0x0000000000121095       0x3b /opt/devkitpro/devkitARM/lib/gcc/arm-none-eabi/8.3.0/../../../../arm-none-eabi/lib/armv6k/fpu/libg.a(lib_a-svfprintf.o)
 .rodata.blanks.8740
                0x00000000001210d0       0x10 /opt/devkitpro/devkitARM/lib/gcc/arm-none-eabi/8.3.0/../../../../arm-none-eabi/lib/armv6k/fpu/libg.a(lib_a-svfprintf.o)
 .rodata.zeroes.8741
                0x00000000001210e0       0x10 /opt/devkitpro/devkitARM/lib/gcc/arm-none-eabi/8.3.0/../../../../arm-none-eabi/lib/armv6k/fpu/libg.a(lib_a-svfprintf.o)
 .rodata.__ssvfscanf_r.str1.1
                0x00000000001210f0        0x5 /opt/devkitpro/devkitARM/lib/gcc/arm-none-eabi/8.3.0/../../../../arm-none-eabi/lib/armv6k/fpu/libg.a(lib_a-svfscanf.o)
                                          0x6 (size before relaxing)
 *fill*         0x00000000001210f5        0x3 
 .rodata.basefix.8784
                0x00000000001210f8       0x22 /opt/devkitpro/devkitARM/lib/gcc/arm-none-eabi/8.3.0/../../../../arm-none-eabi/lib/armv6k/fpu/libg.a(lib_a-svfscanf.o)
 .rodata._vfprintf_r.str1.1
                0x000000000012111a       0x3b /opt/devkitpro/devkitARM/lib/gcc/arm-none-eabi/8.3.0/../../../../arm-none-eabi/lib/armv6k/fpu/libg.a(lib_a-vfprintf.o)
 *fill*         0x000000000012111a        0x2 
 .rodata.blanks.8755
                0x000000000012111c       0x10 /opt/devkitpro/devkitARM/lib/gcc/arm-none-eabi/8.3.0/../../../../arm-none-eabi/lib/armv6k/fpu/libg.a(lib_a-vfprintf.o)
 .rodata.zeroes.8756
                0x000000000012112c       0x10 /opt/devkitpro/devkitARM/lib/gcc/arm-none-eabi/8.3.0/../../../../arm-none-eabi/lib/armv6k/fpu/libg.a(lib_a-vfprintf.o)
 .rodata._dtoa_r.str1.4
                0x000000000012113c       0x12 /opt/devkitpro/devkitARM/lib/gcc/arm-none-eabi/8.3.0/../../../../arm-none-eabi/lib/armv6k/fpu/libg.a(lib_a-dtoa.o)
 *fill*         0x000000000012114e        0x2 
 .rodata.str1.4
                0x0000000000121150       0x48 /opt/devkitpro/devkitARM/lib/gcc/arm-none-eabi/8.3.0/../../../../arm-none-eabi/lib/armv6k/fpu/libg.a(lib_a-locale.o)
                                         0x4c (size before relaxing)
 .rodata._mbrtowc_r.str1.4
                0x0000000000121198        0x1 /opt/devkitpro/devkitARM/lib/gcc/arm-none-eabi/8.3.0/../../../../arm-none-eabi/lib/armv6k/fpu/libg.a(lib_a-mbrtowc.o)
 .rodata.__mprec_bigtens
                0x0000000000121198       0x28 /opt/devkitpro/devkitARM/lib/gcc/arm-none-eabi/8.3.0/../../../../arm-none-eabi/lib/armv6k/fpu/libg.a(lib_a-mprec.o)
                0x0000000000121198                __mprec_bigtens
 .rodata.__mprec_tens
                0x00000000001211c0       0xc8 /opt/devkitpro/devkitARM/lib/gcc/arm-none-eabi/8.3.0/../../../../arm-none-eabi/lib/armv6k/fpu/libg.a(lib_a-mprec.o)
                0x00000000001211c0                __mprec_tens
 .rodata.p05.7474
                0x0000000000121288        0xc /opt/devkitpro/devkitARM/lib/gcc/arm-none-eabi/8.3.0/../../../../arm-none-eabi/lib/armv6k/fpu/libg.a(lib_a-mprec.o)
 .rodata._strtod_l.str1.4
                0x0000000000121294        0xf /opt/devkitpro/devkitARM/lib/gcc/arm-none-eabi/8.3.0/../../../../arm-none-eabi/lib/armv6k/fpu/libg.a(lib_a-strtod.o)
                                         0x11 (size before relaxing)
 *fill*         0x00000000001212a3        0x1 
 .rodata.fpi.7554
                0x00000000001212a4       0x14 /opt/devkitpro/devkitARM/lib/gcc/arm-none-eabi/8.3.0/../../../../arm-none-eabi/lib/armv6k/fpu/libg.a(lib_a-strtod.o)
 .rodata.fpinan.7590
                0x00000000001212b8       0x14 /opt/devkitpro/devkitARM/lib/gcc/arm-none-eabi/8.3.0/../../../../arm-none-eabi/lib/armv6k/fpu/libg.a(lib_a-strtod.o)
 *fill*         0x00000000001212cc        0x4 
 .rodata.tinytens
                0x00000000001212d0       0x28 /opt/devkitpro/devkitARM/lib/gcc/arm-none-eabi/8.3.0/../../../../arm-none-eabi/lib/armv6k/fpu/libg.a(lib_a-strtod.o)
 .rodata.__action_table
                0x00000000001212f8       0x6c /opt/devkitpro/devkitARM/lib/gcc/arm-none-eabi/8.3.0/../../../../arm-none-eabi/lib/armv6k/fpu/libg.a(lib_a-svfiprintf.o)
                0x00000000001212f8                __action_table
 .rodata.__chclass
                0x0000000000121364      0x100 /opt/devkitpro/devkitARM/lib/gcc/arm-none-eabi/8.3.0/../../../../arm-none-eabi/lib/armv6k/fpu/libg.a(lib_a-svfiprintf.o)
                0x0000000000121364                __chclass
 .rodata.__state_table
                0x0000000000121464       0x6c /opt/devkitpro/devkitARM/lib/gcc/arm-none-eabi/8.3.0/../../../../arm-none-eabi/lib/armv6k/fpu/libg.a(lib_a-svfiprintf.o)
                0x0000000000121464                __state_table
 .rodata.__hexdig
                0x00000000001214d0      0x100 /opt/devkitpro/devkitARM/lib/gcc/arm-none-eabi/8.3.0/../../../../arm-none-eabi/lib/armv6k/fpu/libg.a(lib_a-gdtoa-gethex.o)
                0x00000000001214d0                __hexdig
 .rodata._jp2uc_l.str1.4
                0x00000000001215d0       0x12 /opt/devkitpro/devkitARM/lib/gcc/arm-none-eabi/8.3.0/../../../../arm-none-eabi/lib/armv6k/fpu/libg.a(lib_a-jp2uc.o)
 *fill*         0x00000000001215e2        0x2 
 .rodata.a1     0x00000000001215e4       0xbc /opt/devkitpro/devkitARM/lib/gcc/arm-none-eabi/8.3.0/../../../../arm-none-eabi/lib/armv6k/fpu/libg.a(lib_a-jp2uc.o)
 .rodata.a2     0x00000000001216a0       0xbc /opt/devkitpro/devkitARM/lib/gcc/arm-none-eabi/8.3.0/../../../../arm-none-eabi/lib/armv6k/fpu/libg.a(lib_a-jp2uc.o)
 .rodata.a3     0x000000000012175c       0x5b /opt/devkitpro/devkitARM/lib/gcc/arm-none-eabi/8.3.0/../../../../arm-none-eabi/lib/armv6k/fpu/libg.a(lib_a-jp2uc.o)
 *fill*         0x00000000001217b7        0x1 
 .rodata.a6     0x00000000001217b8       0x70 /opt/devkitpro/devkitARM/lib/gcc/arm-none-eabi/8.3.0/../../../../arm-none-eabi/lib/armv6k/fpu/libg.a(lib_a-jp2uc.o)
 .rodata.a7     0x0000000000121828       0xa2 /opt/devkitpro/devkitARM/lib/gcc/arm-none-eabi/8.3.0/../../../../arm-none-eabi/lib/armv6k/fpu/libg.a(lib_a-jp2uc.o)
 *fill*         0x00000000001218ca        0x2 
 .rodata.a8     0x00000000001218cc       0x40 /opt/devkitpro/devkitARM/lib/gcc/arm-none-eabi/8.3.0/../../../../arm-none-eabi/lib/armv6k/fpu/libg.a(lib_a-jp2uc.o)
 .rodata.b02cf  0x000000000012190c     0x172a /opt/devkitpro/devkitARM/lib/gcc/arm-none-eabi/8.3.0/../../../../arm-none-eabi/lib/armv6k/fpu/libg.a(lib_a-jp2uc.o)
 *fill*         0x0000000000123036        0x2 
 .rodata.d02f4  0x0000000000123038     0x1a7c /opt/devkitpro/devkitARM/lib/gcc/arm-none-eabi/8.3.0/../../../../arm-none-eabi/lib/armv6k/fpu/libg.a(lib_a-jp2uc.o)
 .rodata._C_numeric_locale
                0x0000000000124ab4        0xc /opt/devkitpro/devkitARM/lib/gcc/arm-none-eabi/8.3.0/../../../../arm-none-eabi/lib/armv6k/fpu/libg.a(lib_a-lnumeric.o)
                0x0000000000124ab4                _C_numeric_locale
 .rodata.str1.4
                0x0000000000124ac0        0x5 /opt/devkitpro/devkitARM/lib/gcc/arm-none-eabi/8.3.0/../../../../arm-none-eabi/lib/armv6k/fpu/libg.a(lib_a-lnumeric.o)
 .rodata.categories
                0x0000000000124ac0     0x309c /opt/devkitpro/devkitARM/lib/gcc/arm-none-eabi/8.3.0/../../../../arm-none-eabi/lib/armv6k/fpu/libg.a(lib_a-categories.o)
 .rodata.AddDevice.str1.4
                0x0000000000127b5c        0x8 /opt/devkitpro/devkitARM/lib/gcc/arm-none-eabi/8.3.0/../../../../arm-none-eabi/lib/armv6k/fpu/libsysbase.a(iosupport.o)
 .rodata.dotab_stdnull
                0x0000000000127b64       0x70 /opt/devkitpro/devkitARM/lib/gcc/arm-none-eabi/8.3.0/../../../../arm-none-eabi/lib/armv6k/fpu/libsysbase.a(iosupport.o)
                0x0000000000127b64                dotab_stdnull
 .rodata.DIRECTORY_PARENT